Component: ARM Compiler 5.06 update 6 (build 750) Tool: armlink [4d35ed]

==============================================================================

Section Cross References

    main.o(i.advertising_init) refers to memseta.o(.text) for __aeabi_memclr4
    main.o(i.advertising_init) refers to memcpya.o(.text) for __aeabi_memcpy4
    main.o(i.advertising_init) refers to ble_advertising.o(i.ble_advertising_init) for ble_advertising_init
    main.o(i.advertising_init) refers to app_error.o(i.app_error_handler_bare) for app_error_handler_bare
    main.o(i.advertising_init) refers to ble_advertising.o(i.ble_advertising_conn_cfg_tag_set) for ble_advertising_conn_cfg_tag_set
    main.o(i.advertising_init) refers to main.o(.data) for .data
    main.o(i.advertising_init) refers to main.o(i.on_adv_evt) for on_adv_evt
    main.o(i.advertising_init) refers to main.o(.bss) for .bss
    main.o(i.advertising_start) refers to nrf_log_frontend.o(i.nrf_log_frontend_std_0) for nrf_log_frontend_std_0
    main.o(i.advertising_start) refers to peer_manager.o(i.pm_peers_delete) for pm_peers_delete
    main.o(i.advertising_start) refers to ble_advertising.o(i.ble_advertising_start) for ble_advertising_start
    main.o(i.advertising_start) refers to app_error.o(i.app_error_handler_bare) for app_error_handler_bare
    main.o(i.advertising_start) refers to nrf_log_frontend.o(log_const_data) for m_nrf_log_app_logs_data_const
    main.o(i.advertising_start) refers to main.o(.bss) for .bss
    main.o(i.assert_nrf_callback) refers to app_error_handler_keil.o(.emb_text) for app_error_handler
    main.o(i.ble_evt_handler) refers to nrf_log_frontend.o(i.nrf_log_frontend_std_0) for nrf_log_frontend_std_0
    main.o(i.ble_evt_handler) refers to bsp.o(i.bsp_indication_set) for bsp_indication_set
    main.o(i.ble_evt_handler) refers to app_error.o(i.app_error_handler_bare) for app_error_handler_bare
    main.o(i.ble_evt_handler) refers to nrf_ble_qwr.o(i.nrf_ble_qwr_conn_handle_assign) for nrf_ble_qwr_conn_handle_assign
    main.o(i.ble_evt_handler) refers to nrf_log_frontend.o(log_const_data) for m_nrf_log_app_logs_data_const
    main.o(i.ble_evt_handler) refers to main.o(.data) for .data
    main.o(i.ble_evt_handler) refers to main.o(.bss) for .bss
    main.o(i.bsp_event_handler) refers to main.o(i.sleep_mode_enter) for sleep_mode_enter
    main.o(i.bsp_event_handler) refers to app_error.o(i.app_error_handler_bare) for app_error_handler_bare
    main.o(i.bsp_event_handler) refers to ble_advertising.o(i.ble_advertising_restart_without_whitelist) for ble_advertising_restart_without_whitelist
    main.o(i.bsp_event_handler) refers to main.o(.data) for .data
    main.o(i.bsp_event_handler) refers to main.o(.bss) for .bss
    main.o(i.conn_params_error_handler) refers to app_error.o(i.app_error_handler_bare) for app_error_handler_bare
    main.o(i.main) refers to nrf_log_frontend.o(i.nrf_log_init) for nrf_log_init
    main.o(i.main) refers to app_error.o(i.app_error_handler_bare) for app_error_handler_bare
    main.o(i.main) refers to nrf_log_default_backends.o(i.nrf_log_default_backends_init) for nrf_log_default_backends_init
    main.o(i.main) refers to app_timer2.o(i.app_timer_init) for app_timer_init
    main.o(i.main) refers to bsp.o(i.bsp_init) for bsp_init
    main.o(i.main) refers to bsp_btn_ble.o(i.bsp_btn_ble_init) for bsp_btn_ble_init
    main.o(i.main) refers to nrf_pwr_mgmt.o(i.nrf_pwr_mgmt_init) for nrf_pwr_mgmt_init
    main.o(i.main) refers to nrf_sdh.o(i.nrf_sdh_enable_request) for nrf_sdh_enable_request
    main.o(i.main) refers to nrf_sdh_ble.o(i.nrf_sdh_ble_default_cfg_set) for nrf_sdh_ble_default_cfg_set
    main.o(i.main) refers to nrf_sdh_ble.o(i.nrf_sdh_ble_enable) for nrf_sdh_ble_enable
    main.o(i.main) refers to nrf_ble_gatt.o(i.nrf_ble_gatt_init) for nrf_ble_gatt_init
    main.o(i.main) refers to main.o(i.advertising_init) for advertising_init
    main.o(i.main) refers to nrf_ble_qwr.o(i.nrf_ble_qwr_init) for nrf_ble_qwr_init
    main.o(i.main) refers to memseta.o(.text) for __aeabi_memclr4
    main.o(i.main) refers to ble_conn_params.o(i.ble_conn_params_init) for ble_conn_params_init
    main.o(i.main) refers to main.o(i.peer_manager_init) for peer_manager_init
    main.o(i.main) refers to nrf_log_frontend.o(i.nrf_log_frontend_std_0) for nrf_log_frontend_std_0
    main.o(i.main) refers to main.o(i.advertising_start) for advertising_start
    main.o(i.main) refers to nrf_log_frontend.o(i.nrf_log_frontend_dequeue) for nrf_log_frontend_dequeue
    main.o(i.main) refers to nrf_pwr_mgmt.o(i.nrf_pwr_mgmt_run) for nrf_pwr_mgmt_run
    main.o(i.main) refers to main.o(i.bsp_event_handler) for bsp_event_handler
    main.o(i.main) refers to main.o(.bss) for .bss
    main.o(i.main) refers to main.o(i.nrf_qwr_error_handler) for nrf_qwr_error_handler
    main.o(i.main) refers to main.o(i.on_conn_params_evt) for on_conn_params_evt
    main.o(i.main) refers to main.o(i.conn_params_error_handler) for conn_params_error_handler
[...]
    sdh_ble_observers3$$Limit                0x000333d8   Number         0  main.o(sdh_ble_observers3)
    sdh_req_observers0$$Base                 0x000333d8   Number         0  nrf_fstorage_sd.o(sdh_req_observers0)
    sdh_req_observers0$$Limit                0x000333e0   Number         0  nrf_fstorage_sd.o(sdh_req_observers0)
    sdh_soc_observers0$$Base                 0x000333e0   Number         0  nrf_drv_clock.o(sdh_soc_observers0)
    sdh_soc_observers0$$Limit                0x000333f0   Number         0  nrf_fstorage_sd.o(sdh_soc_observers0)
    sdh_stack_observers0$$Base               0x000333f0   Number         0  nrf_sdh_ble.o(sdh_stack_observers0)
    sdh_stack_observers0$$Limit              0x00033400   Number         0  nrf_sdh_soc.o(sdh_stack_observers0)
    sdh_state_observers0$$Base               0x00033400   Number         0  nrf_drv_clock.o(sdh_state_observers0)
    sdh_state_observers0$$Limit              0x00033410   Number         0  nrf_fstorage_sd.o(sdh_state_observers0)
    Image$$RW_IRAM1$$Base                    0x20002260   Number         0  anon$$obj.o ABSOLUTE
    nrf_drv_uart_use_easy_dma                0x20002348   Data           2  nrf_drv_uart.o(.data)
    m_uart                                   0x200023fc   Data          20  nrf_log_backend_uart.o(.data)
    SystemCoreClock                          0x20002470   Data           4  system_nrf52840.o(.data)
    fs_data$$Base                            0x20002474   Number         0  fds.o(fs_data)
    m_fs                                     0x20002474   Data          20  fds.o(fs_data)
    fs_data$$Limit                           0x20002488   Number         0  fds.o(fs_data)
    nrf_nvic_state                           0x20002e78   Data          12  app_util_platform.o(.bss)
    __initial_sp                             0x200055e8   Data           0  arm_startup_nrf52840.o(STACK)



==============================================================================

Memory Map of the image

  Image Entry point : 0x00027201

  Load Region LR_IROM1 (Base: 0x00027000, Size: 0x0000c638, Max: 0x000d9000, ABSOLUTE, COMPRESSED[0x0000c4ac])

    Execution Region ER_IROM1 (Exec base: 0x00027000, Load base: 0x00027000, Size: 0x0000c410, Max: 0x000d9000, ABSOLUTE)

    Exec Addr    Load Addr    Size         Type   Attr      Idx    E Section Name        Object

    0x00027000   0x00027000   0x00000200   Data   RO         7149    RESET               arm_startup_nrf52840.o
    0x00027200   0x00027200   0x00000000   Code   RO         7205  * .ARM.Collect$$$$00000000  mc_w.l(entry.o)
    0x00027200   0x00027200   0x00000004   Code   RO         7259    .ARM.Collect$$$$00000001  mc_w.l(entry2.o)
    0x00027204   0x00027204   0x00000004   Code   RO         7262    .ARM.Collect$$$$00000004  mc_w.l(entry5.o)
    0x00027208   0x00027208   0x00000000   Code   RO         7264    .ARM.Collect$$$$00000008  mc_w.l(entry7b.o)
    0x00027208   0x00027208   0x00000000   Code   RO         7266    .ARM.Collect$$$$0000000A  mc_w.l(entry8b.o)
    0x00027208   0x00027208   0x00000008   Code   RO         7267    .ARM.Collect$$$$0000000B  mc_w.l(entry9a.o)
    0x00027210   0x00027210   0x00000000   Code   RO         7269    .ARM.Collect$$$$0000000D  mc_w.l(entry10a.o)
    0x00027210   0x00027210   0x00000000   Code   RO         7271    .ARM.Collect$$$$0000000F  mc_w.l(entry11a.o)
    0x00027210   0x00027210   0x00000004   Code   RO         7260    .ARM.Collect$$$$00002712  mc_w.l(entry2.o)
    0x00027214   0x00027214   0x000000c8   Code   RO         5221    .emb_text           nrf_atfifo.o
    0x000272dc   0x000272dc   0x000000e2   Code   RO         5357    .emb_text           nrf_atomic.o
    0x000273be   0x000273be   0x00000002   PAD
    0x000273c0   0x000273c0   0x00000024   Code   RO         7150    .text               arm_startup_nrf52840.o
    0x000273e4   0x000273e4   0x00000062   Code   RO         7213    .text               mc_w.l(uldiv.o)
    0x00027446   0x00027446   0x0000001e   Code   RO         7215    .text               mc_w.l(llshl.o)
    0x00027464   0x00027464   0x00000008   Code   RO         7217    .text               mc_w.l(ctype_o.o)
    0x0002746c   0x0002746c   0x00000024   Code   RO         7245    .text               mc_w.l(memcpya.o)
    0x00027490   0x00027490   0x00000024   Code   RO         7247    .text               mc_w.l(memseta.o)
    0x000274b4   0x000274b4   0x0000000e   Code   RO         7249    .text               mc_w.l(strlen.o)
    0x000274c2   0x000274c2   0x0000001a   Code   RO         7253    .text               mc_w.l(memcmp.o)
    0x000274dc   0x000274dc   0x00000020   Code   RO         7274    .text               mc_w.l(llushr.o)
    0x000274fc   0x000274fc   0x00000024   Code   RO         7277    .text               mc_w.l(init.o)
    0x00027520   0x00027520   0x00000056   Code   RO         7287    .text               mc_w.l(__dczerorl2.o)
    0x00027576   0x00027576   0x00000002   PAD
    0x00027578   0x00027578   0x000000a4   Code   RO         3448    i.GPIOTE_IRQHandler  nrfx_gpiote.o
    0x0002761c   0x0002761c   0x00000058   Code   RO         3309    i.POWER_CLOCK_IRQHandler  nrfx_clock.o
    0x00027674   0x00027674   0x00000010   Code   RO         4685    i.RTC1_IRQHandler   drv_rtc.o
    0x00027684   0x00027684   0x00000004   Code   RO         6940    i.SWI2_EGU2_IRQHandler  nrf_sdh.o
    0x00027688   0x00027688   0x000001d4   Code   RO         7158    i.SystemInit        system_nrf52840.o
    0x0002785c   0x0002785c   0x0000000c   Code   RO         3773    i.UARTE0_UART0_IRQHandler  nrfx_prs.o
    0x00027868   0x00027868   0x0000000e   Code   RO         7281    i.__scatterload_copy  mc_w.l(handlers.o)
    0x00027876   0x00027876   0x00000002   Code   RO         7282    i.__scatterload_null  mc_w.l(handlers.o)
    0x00027878   0x00027878   0x0000000e   Code   RO         7283    i.__scatterload_zeroinit  mc_w.l(handlers.o)
    0x00027886   0x00027886   0x00000002   PAD
    0x00027888   0x00027888   0x00000024   Code   RO         6941    i.__sd_nvic_app_accessible_irq  nrf_sdh.o
    0x000278ac   0x000278ac   0x0000013c   Code   RO         2504    i._conn_secure      peer_manager_handler.o
    0x000279e8   0x000279e8   0x00000026   Code   RO         1534    i.addr_compare      id_manager.o
    0x00027a0e   0x00027a0e   0x0000000c   Code   RO         5609    i.addr_is_aligned32  nrf_fstorage.o
    0x00027a1a   0x00027a1a   0x00000018   Code   RO         5610    i.addr_is_within_bounds  nrf_fstorage.o
    0x00027a32   0x00027a32   0x00000010   Code   RO          875    i.adv_set_data_size_max_get  ble_advertising.o
    0x00027a42   0x00027a42   0x00000036   Code   RO          641    i.advertising_buttons_configure  bsp_btn_ble.o
    0x00027a78   0x00027a78   0x000000d4   Code   RO            4    i.advertising_init  main.o
    0x00027b4c   0x00027b4c   0x00000050   Code   RO            5    i.advertising_start  main.o
    0x00027b9c   0x00027b9c   0x00000052   Code   RO         1535    i.ah                id_manager.o
    0x00027bee   0x00027bee   0x00000006   Code   RO          524    i.alert_timer_handler  bsp.o
    0x00027bf4   0x00027bf4   0x0000000c   Code   RO         2648    i.allow_repairing   security_dispatcher.o
    0x00027c00   0x00027c00   0x00000024   Code   RO         4196    i.app_button_enable  app_button.o
    0x00027c24   0x00027c24   0x00000080   Code   RO         4197    i.app_button_init   app_button.o
    0x00027ca4   0x00027ca4   0x00000084   Code   RO         4354    i.app_error_fault_handler  app_error_weak.o
    0x00027d28   0x00027d28   0x00000016   Code   RO         4294    i.app_error_handler_bare  app_error.o
    0x00027d3e   0x00027d3e   0x00000002   PAD
    0x00027d40   0x00027d40   0x0000000c   Code   RO         4449    i.app_timer_cnt_get  app_timer2.o
    0x00027d4c   0x00027d4c   0x00000016   Code   RO         4450    i.app_timer_create  app_timer2.o
    0x00027d62   0x00027d62   0x00000002   PAD
    0x00027d64   0x00027d64   0x0000005c   Code   RO         4451    i.app_timer_init    app_timer2.o
    0x00027dc0   0x00027dc0   0x00000030   Code   RO         4454    i.app_timer_start   app_timer2.o
    0x00027df0   0x00027df0   0x0000000c   Code   RO         4455    i.app_timer_stop    app_timer2.o
    0x00027dfc   0x00027dfc   0x00000048   Code   RO         4590    i.app_util_critical_region_enter  app_util_platform.o
    0x00027e44   0x00027e44   0x00000034   Code   RO         4591    i.app_util_critical_region_exit  app_util_platform.o
    0x00027e78   0x00027e78   0x00000076   Code   RO         3827    i.apply_config      nrfx_uart.o
    0x00027eee   0x00027eee   0x00000076   Code   RO         4025    i.apply_config      nrfx_uarte.o
    0x00027f64   0x00027f64   0x00000004   Code   RO         1273    i.apply_pending_handle  gatt_cache_manager.o
    0x00027f68   0x00027f68   0x00000180   Code   RO         2649    i.auth_status_success_process  security_dispatcher.o
    0x000280e8   0x000280e8   0x00000182   Code   RO          769    i.ble_advdata_encode  ble_advdata.o
    0x0002826a   0x0002826a   0x00000020   Code   RO          771    i.ble_advdata_parse  ble_advdata.o
    0x0002828a   0x0002828a   0x00000046   Code   RO          772    i.ble_advdata_search  ble_advdata.o
    0x000282d0   0x000282d0   0x00000006   Code   RO          877    i.ble_advertising_conn_cfg_tag_set  ble_advertising.o
    0x000282d6   0x000282d6   0x000000e8   Code   RO          878    i.ble_advertising_init  ble_advertising.o
    0x000283be   0x000283be   0x0000006a   Code   RO          880    i.ble_advertising_on_ble_evt  ble_advertising.o
    0x00028428   0x00028428   0x0000003a   Code   RO          882    i.ble_advertising_restart_without_whitelist  ble_advertising.o
    0x00028462   0x00028462   0x00000230   Code   RO          883    i.ble_advertising_start  ble_advertising.o
    0x00028692   0x00028692   0x00000002   PAD
    0x00028694   0x00028694   0x00000068   Code   RO          968    i.ble_conn_params_init  ble_conn_params.o
    0x000286fc   0x000286fc   0x00000020   Code   RO         1044    i.ble_conn_state_encrypted  ble_conn_state.o
    0x0002871c   0x0002871c   0x0000002c   Code   RO         1046    i.ble_conn_state_for_each_set_user_flag  ble_conn_state.o
    0x00028748   0x00028748   0x00000020   Code   RO         1048    i.ble_conn_state_lesc  ble_conn_state.o
    0x00028768   0x00028768   0x00000020   Code   RO         1049    i.ble_conn_state_mitm_protected  ble_conn_state.o
    0x00028788   0x00028788   0x00000024   Code   RO         1052    i.ble_conn_state_role  ble_conn_state.o
    0x000287ac   0x000287ac   0x00000024   Code   RO         1053    i.ble_conn_state_status  ble_conn_state.o
    0x000287d0   0x000287d0   0x00000018   Code   RO         1054    i.ble_conn_state_user_flag_acquire  ble_conn_state.o
    0x000287e8   0x000287e8   0x00000030   Code   RO         1055    i.ble_conn_state_user_flag_get  ble_conn_state.o
    0x00028818   0x00028818   0x00000038   Code   RO         1056    i.ble_conn_state_user_flag_set  ble_conn_state.o
    0x00028850   0x00028850   0x00000014   Code   RO         1057    i.ble_conn_state_valid  ble_conn_state.o
    0x00028864   0x00028864   0x00000060   Code   RO          775    i.ble_device_addr_encode  ble_advdata.o
    0x000288c4   0x000288c4   0x000000b4   Code   RO            7    i.ble_evt_handler   main.o
    0x00028978   0x00028978   0x00000070   Code   RO          642    i.ble_evt_handler   bsp_btn_ble.o
    0x000289e8   0x000289e8   0x000000fc   Code   RO          970    i.ble_evt_handler   ble_conn_params.o
    0x00028ae4   0x00028ae4   0x00000118   Code   RO         1058    i.ble_evt_handler   ble_conn_state.o
    0x00028bfc   0x00028bfc   0x00000028   Code   RO         2198    i.ble_evt_handler   peer_manager.o
    0x00028c24   0x00028c24   0x00000008   Code   RO         1213    i.ble_srv_is_notification_enabled  ble_srv_common.o
    0x00028c2c   0x00028c2c   0x0000000c   Code   RO          406    i.bsp_board_button_idx_to_pin  boards.o
    0x00028c38   0x00028c38   0x00000028   Code   RO          407    i.bsp_board_button_state_get  boards.o
    0x00028c60   0x00028c60   0x00000054   Code   RO          408    i.bsp_board_init    boards.o
    0x00028cb4   0x00028cb4   0x0000002c   Code   RO          410    i.bsp_board_led_invert  boards.o
    0x00028ce0   0x00028ce0   0x00000010   Code   RO          411    i.bsp_board_led_off  boards.o
    0x00028cf0   0x00028cf0   0x00000010   Code   RO          412    i.bsp_board_led_on  boards.o
    0x00028d00   0x00028d00   0x00000028   Code   RO          413    i.bsp_board_led_state_get  boards.o
    0x00028d28   0x00028d28   0x00000012   Code   RO          414    i.bsp_board_leds_off  boards.o
    0x00028d3a   0x00028d3a   0x00000012   Code   RO          415    i.bsp_board_leds_on  boards.o
    0x00028d4c   0x00028d4c   0x00000024   Code   RO          416    i.bsp_board_pin_to_button_idx  boards.o
    0x00028d70   0x00028d70   0x00000038   Code   RO          643    i.bsp_btn_ble_init  bsp_btn_ble.o
    0x00028da8   0x00028da8   0x0000001e   Code   RO          644    i.bsp_btn_ble_sleep_mode_prepare  bsp_btn_ble.o
    0x00028dc6   0x00028dc6   0x00000002   PAD
    0x00028dc8   0x00028dc8   0x00000090   Code   RO          525    i.bsp_button_event_handler  bsp.o
    0x00028e58   0x00028e58   0x0000000c   Code   RO          526    i.bsp_button_is_pressed  bsp.o
    0x00028e64   0x00028e64   0x0000004c   Code   RO            8    i.bsp_event_handler  main.o
    0x00028eb0   0x00028eb0   0x00000044   Code   RO          529    i.bsp_event_to_button_action_assign  bsp.o
    0x00028ef4   0x00028ef4   0x00000018   Code   RO          530    i.bsp_indication_set  bsp.o
    0x00028f0c   0x00028f0c   0x00000094   Code   RO          531    i.bsp_init          bsp.o
    0x00028fa0   0x00028fa0   0x000001c8   Code   RO          532    i.bsp_led_indication  bsp.o
    0x00029168   0x00029168   0x00000006   Code   RO          534    i.bsp_wakeup_button_enable  bsp.o
    0x0002916e   0x0002916e   0x00000002   PAD
    0x00029170   0x00029170   0x00000094   Code   RO         6339    i.buf_prealloc      nrf_log_frontend.o
    0x00029204   0x00029204   0x0000002e   Code   RO         5569    i.buffer_add        nrf_fprintf_format.o
    0x00029232   0x00029232   0x00000002   PAD
    0x00029234   0x00029234   0x00000018   Code   RO         6340    i.buffer_is_empty   nrf_log_frontend.o
    0x0002924c   0x0002924c   0x00000028   Code   RO         4199    i.button_get        app_button.o
    0x00029274   0x00029274   0x00000008   Code   RO          535    i.button_timer_handler  bsp.o
    0x0002927c   0x0002927c   0x00000028   Code   RO         1274    i.car_update_needed  gatt_cache_manager.o
    0x000292a4   0x000292a4   0x00000040   Code   RO         1275    i.car_update_pending_handle  gatt_cache_manager.o
    0x000292e4   0x000292e4   0x0000001c   Code   RO         3449    i.channel_free      nrfx_gpiote.o
    0x00029300   0x00029300   0x00000048   Code   RO         3450    i.channel_port_alloc  nrfx_gpiote.o
    0x00029348   0x00029348   0x00000010   Code   RO         3451    i.channel_port_get  nrfx_gpiote.o
    0x00029358   0x00029358   0x0000003e   Code   RO         2108    i.claim             peer_id.o
    0x00029396   0x00029396   0x00000002   PAD
    0x00029398   0x00029398   0x00000028   Code   RO         2964    i.clock_clk_started_notify  nrf_drv_clock.o
    0x000293c0   0x000293c0   0x0000001c   Code   RO         2965    i.clock_irq_handler  nrf_drv_clock.o
    0x000293dc   0x000293dc   0x00000018   Code   RO         4457    i.compare_func      app_timer2.o
    0x000293f4   0x000293f4   0x0000003e   Code   RO         1059    i.conn_handle_list_get  ble_conn_state.o
    0x00029432   0x00029432   0x00000088   Code   RO          776    i.conn_int_encode   ble_advdata.o
    0x000294ba   0x000294ba   0x00000004   Code   RO            9    i.conn_params_error_handler  main.o
    0x000294be   0x000294be   0x00000002   PAD
    0x000294c0   0x000294c0   0x00000048   Code   RO          971    i.conn_params_negotiation  ble_conn_params.o
    0x00029508   0x00029508   0x00000044   Code   RO         2650    i.conn_sec_failure  security_dispatcher.o
    0x0002954c   0x0002954c   0x00000004   Code   RO         2505    i.conn_secure       peer_manager_handler.o
    0x00029550   0x00029550   0x000000c0   Code   RO         1703    i.data_length_update  nrf_ble_gatt.o
    0x00029610   0x00029610   0x00000030   Code   RO         1276    i.db_update_pending_handle  gatt_cache_manager.o
    0x00029640   0x00029640   0x0000008c   Code   RO         4854    i.delete_execute    fds.o
    0x000296cc   0x000296cc   0x00000048   Code   RO         4200    i.detection_delay_timeout_handler  app_button.o
    0x00029714   0x00029714   0x00000014   Code   RO         6341    i.dropped_sat16_get  nrf_log_frontend.o
    0x00029728   0x00029728   0x00000014   Code   RO         4686    i.drv_rtc_compare_disable  drv_rtc.o
    0x0002973c   0x0002973c   0x0000000e   Code   RO         4689    i.drv_rtc_compare_pending  drv_rtc.o
    0x0002974a   0x0002974a   0x00000050   Code   RO         4690    i.drv_rtc_compare_set  drv_rtc.o
    0x0002979a   0x0002979a   0x00000008   Code   RO         4691    i.drv_rtc_counter_get  drv_rtc.o
    0x000297a2   0x000297a2   0x00000002   PAD
    0x000297a4   0x000297a4   0x000000d8   Code   RO         4692    i.drv_rtc_init      drv_rtc.o
    0x0002987c   0x0002987c   0x0000001e   Code   RO         4693    i.drv_rtc_irq_trigger  drv_rtc.o
    0x0002989a   0x0002989a   0x00000008   Code   RO         4695    i.drv_rtc_overflow_enable  drv_rtc.o
    0x000298a2   0x000298a2   0x00000008   Code   RO         4696    i.drv_rtc_overflow_pending  drv_rtc.o
    0x000298aa   0x000298aa   0x00000008   Code   RO         4697    i.drv_rtc_start     drv_rtc.o
    0x000298b2   0x000298b2   0x00000008   Code   RO         4698    i.drv_rtc_stop      drv_rtc.o
    0x000298ba   0x000298ba   0x000000de   Code   RO         4703    i.drv_rtc_windowed_compare_set  drv_rtc.o
    0x00029998   0x00029998   0x0000000a   Code   RO         2651    i.encryption_failure  security_dispatcher.o
    0x000299a2   0x000299a2   0x00000002   PAD
    0x000299a4   0x000299a4   0x0000004c   Code   RO         5696    i.erase             nrf_fstorage_sd.o
    0x000299f0   0x000299f0   0x00000074   Code   RO         4855    i.event_prepare     fds.o
    0x00029a64   0x00029a64   0x00000020   Code   RO         4856    i.event_send        fds.o
    0x00029a84   0x00029a84   0x00000054   Code   RO         5697    i.event_send        nrf_fstorage_sd.o
    0x00029ad8   0x00029ad8   0x00000098   Code   RO         2789    i.events_send_from_err_code  security_manager.o
    0x00029b70   0x00029b70   0x00000012   Code   RO         4704    i.evt_enable        drv_rtc.o
    0x00029b82   0x00029b82   0x00000002   PAD
    0x00029b84   0x00029b84   0x000000e0   Code   RO         4201    i.evt_handle        app_button.o
    0x00029c64   0x00029c64   0x00000014   Code   RO         4705    i.evt_pending       drv_rtc.o
    0x00029c78   0x00029c78   0x0000001c   Code   RO         1277    i.evt_send          gatt_cache_manager.o
    0x00029c94   0x00029c94   0x0000001c   Code   RO         1439    i.evt_send          gatts_cache_manager.o
    0x00029cb0   0x00029cb0   0x0000002c   Code   RO         2199    i.evt_send          peer_manager.o
    0x00029cdc   0x00029cdc   0x0000001c   Code   RO         2652    i.evt_send          security_dispatcher.o
    0x00029cf8   0x00029cf8   0x0000000c   Code   RO         2790    i.evt_send          security_manager.o
    0x00029d04   0x00029d04   0x000000e0   Code   RO         1846    i.fds_evt_handler   peer_data_storage.o
    0x00029de4   0x00029de4   0x00000048   Code   RO         4858    i.fds_file_delete   fds.o
    0x00029e2c   0x00029e2c   0x00000040   Code   RO         4859    i.fds_gc            fds.o
    0x00029e6c   0x00029e6c   0x000000e4   Code   RO         4860    i.fds_init          fds.o
    0x00029f50   0x00029f50   0x00000048   Code   RO         4861    i.fds_record_close  fds.o
    0x00029f98   0x00029f98   0x0000000e   Code   RO         4863    i.fds_record_find   fds.o
    0x00029fa6   0x00029fa6   0x00000010   Code   RO         4864    i.fds_record_find_by_key  fds.o
    0x00029fb6   0x00029fb6   0x00000010   Code   RO         4865    i.fds_record_find_in_file  fds.o
    0x00029fc6   0x00029fc6   0x00000012   Code   RO         4866    i.fds_record_id_from_desc  fds.o
    0x00029fd8   0x00029fd8   0x0000004c   Code   RO         4868    i.fds_record_open   fds.o
    0x0002a024   0x0002a024   0x00000010   Code   RO         4869    i.fds_record_update  fds.o
    0x0002a034   0x0002a034   0x00000008   Code   RO         4870    i.fds_record_write  fds.o
    0x0002a03c   0x0002a03c   0x00000030   Code   RO         4872    i.fds_register      fds.o
    0x0002a06c   0x0002a06c   0x000000a0   Code   RO         4875    i.fds_stat          fds.o
    0x0002a10c   0x0002a10c   0x00000014   Code   RO         1847    i.file_id_within_pm_range  peer_data_storage.o
    0x0002a120   0x0002a120   0x00000012   Code   RO         2653    i.flag_id_init      security_dispatcher.o
    0x0002a132   0x0002a132   0x00000012   Code   RO         2791    i.flag_id_init      security_manager.o
    0x0002a144   0x0002a144   0x0000000a   Code   RO         1060    i.flag_toggle       ble_conn_state.o
    0x0002a14e   0x0002a14e   0x00000028   Code   RO          885    i.flags_set         ble_advertising.o
    0x0002a176   0x0002a176   0x00000002   PAD
    0x0002a178   0x0002a178   0x00000030   Code   RO         2792    i.flags_set_from_err_code  security_manager.o
    0x0002a1a8   0x0002a1a8   0x00000030   Code   RO         1061    i.for_each_set_flag  ble_conn_state.o
    0x0002a1d8   0x0002a1d8   0x00000006   Code   RO         4876    i.fs_event_handler  fds.o
    0x0002a1de   0x0002a1de   0x00000002   PAD
    0x0002a1e0   0x0002a1e0   0x00000080   Code   RO         4877    i.gc_execute        fds.o
    0x0002a260   0x0002a260   0x0000004c   Code   RO         4878    i.gc_next_page      fds.o
    0x0002a2ac   0x0002a2ac   0x00000040   Code   RO         4879    i.gc_page_erase     fds.o
    0x0002a2ec   0x0002a2ec   0x00000034   Code   RO         4880    i.gc_record_copy    fds.o
    0x0002a320   0x0002a320   0x00000024   Code   RO         4881    i.gc_record_find_next  fds.o
    0x0002a344   0x0002a344   0x00000070   Code   RO         4882    i.gc_state_advance  fds.o
    0x0002a3b4   0x0002a3b4   0x00000030   Code   RO         4883    i.gc_swap_pages     fds.o
    0x0002a3e4   0x0002a3e4   0x00000230   Code   RO         1278    i.gcm_ble_evt_handler  gatt_cache_manager.o
    0x0002a614   0x0002a614   0x0000003c   Code   RO         1279    i.gcm_im_evt_handler  gatt_cache_manager.o
    0x0002a650   0x0002a650   0x00000094   Code   RO         1280    i.gcm_init          gatt_cache_manager.o
    0x0002a6e4   0x0002a6e4   0x00000088   Code   RO         1283    i.gcm_pdb_evt_handler  gatt_cache_manager.o
    0x0002a76c   0x0002a76c   0x00000034   Code   RO         4458    i.get_now           app_timer2.o
    0x0002a7a0   0x0002a7a0   0x0000003c   Code   RO         4202    i.gpiote_event_handler  app_button.o
    0x0002a7dc   0x0002a7dc   0x0000001c   Code   RO         1440    i.gscm_db_change_notification_done  gatts_cache_manager.o
    0x0002a7f8   0x0002a7f8   0x00000014   Code   RO         1441    i.gscm_init         gatts_cache_manager.o
    0x0002a80c   0x0002a80c   0x00000090   Code   RO         1443    i.gscm_local_db_cache_apply  gatts_cache_manager.o
    0x0002a89c   0x0002a89c   0x000000ac   Code   RO         1444    i.gscm_local_db_cache_update  gatts_cache_manager.o
    0x0002a948   0x0002a948   0x00000018   Code   RO         1445    i.gscm_pdb_evt_handler  gatts_cache_manager.o
    0x0002a960   0x0002a960   0x0000001e   Code   RO         1446    i.gscm_service_changed_ind_needed  gatts_cache_manager.o
    0x0002a97e   0x0002a97e   0x00000002   PAD
    0x0002a980   0x0002a980   0x0000005c   Code   RO         1447    i.gscm_service_changed_ind_send  gatts_cache_manager.o
    0x0002a9dc   0x0002a9dc   0x0000002c   Code   RO         4884    i.header_check      fds.o
    0x0002aa08   0x0002aa08   0x00000012   Code   RO         4885    i.header_has_next   fds.o
    0x0002aa1a   0x0002aa1a   0x00000046   Code   RO         1536    i.im_address_resolve  id_manager.o
    0x0002aa60   0x0002aa60   0x00000038   Code   RO         1537    i.im_ble_addr_get   id_manager.o
    0x0002aa98   0x0002aa98   0x000000dc   Code   RO         1538    i.im_ble_evt_handler  id_manager.o
    0x0002ab74   0x0002ab74   0x00000040   Code   RO         1539    i.im_conn_handle_get  id_manager.o
    0x0002abb4   0x0002abb4   0x00000038   Code   RO         1541    i.im_find_duplicate_bonding_data  id_manager.o
    0x0002abec   0x0002abec   0x00000072   Code   RO         1544    i.im_is_duplicate_bonding_data  id_manager.o
    0x0002ac5e   0x0002ac5e   0x00000018   Code   RO         1545    i.im_master_id_is_valid  id_manager.o
    0x0002ac76   0x0002ac76   0x0000002a   Code   RO         1546    i.im_master_ids_compare  id_manager.o
    0x0002aca0   0x0002aca0   0x00000014   Code   RO         1547    i.im_new_peer_id    id_manager.o
    0x0002acb4   0x0002acb4   0x0000002c   Code   RO         1548    i.im_peer_free      id_manager.o
    0x0002ace0   0x0002ace0   0x00000024   Code   RO         1549    i.im_peer_id_get_by_conn_handle  id_manager.o
    0x0002ad04   0x0002ad04   0x0000003c   Code   RO         1550    i.im_peer_id_get_by_master_id  id_manager.o
    0x0002ad40   0x0002ad40   0x00000034   Code   RO         5698    i.init              nrf_fstorage_sd.o
    0x0002ad74   0x0002ad74   0x000000c8   Code   RO         4886    i.init_execute      fds.o
    0x0002ae3c   0x0002ae3c   0x00000014   Code   RO          972    i.instance_get      ble_conn_params.o
    0x0002ae50   0x0002ae50   0x000000a6   Code   RO         5570    i.int_print         nrf_fprintf_format.o
    0x0002aef6   0x0002aef6   0x00000002   PAD
    0x0002aef8   0x0002aef8   0x00000088   Code   RO         4026    i.interrupts_enable  nrfx_uarte.o
    0x0002af80   0x0002af80   0x00000034   Code   RO         6342    i.invalid_packets_omit  nrf_log_frontend.o
    0x0002afb4   0x0002afb4   0x00000010   Code   RO         5699    i.is_busy           nrf_fstorage_sd.o
    0x0002afc4   0x0002afc4   0x00000044   Code   RO          973    i.is_conn_params_ok  ble_conn_params.o
    0x0002b008   0x0002b008   0x00000014   Code   RO         1555    i.is_valid_irk      id_manager.o
    0x0002b01c   0x0002b01c   0x0000000c   Code   RO         4887    i.is_word_aligned   fds.o
    0x0002b028   0x0002b028   0x00000030   Code   RO          536    i.leds_off          bsp.o
    0x0002b058   0x0002b058   0x00000014   Code   RO          537    i.leds_timer_handler  bsp.o
    0x0002b06c   0x0002b06c   0x00000014   Code   RO         1704    i.link_init         nrf_ble_gatt.o
    0x0002b080   0x0002b080   0x000000d0   Code   RO         2793    i.link_secure       security_manager.o
    0x0002b150   0x0002b150   0x0000003c   Code   RO         2654    i.link_secure_failure  security_dispatcher.o
    0x0002b18c   0x0002b18c   0x0000002c   Code   RO         2794    i.link_secure_pending_handle  security_manager.o
    0x0002b1b8   0x0002b1b8   0x000000a8   Code   RO         1284    i.local_db_apply_in_evt  gatt_cache_manager.o
    0x0002b260   0x0002b260   0x00000010   Code   RO         1285    i.local_db_update   gatt_cache_manager.o
    0x0002b270   0x0002b270   0x0000010c   Code   RO         1286    i.local_db_update_in_evt  gatt_cache_manager.o
    0x0002b37c   0x0002b37c   0x000000a4   Code   RO         6343    i.log_skip          nrf_log_frontend.o
    0x0002b420   0x0002b420   0x0000019c   Code   RO           10    i.main              main.o
    0x0002b5bc   0x0002b5bc   0x00000064   Code   RO          777    i.manuf_specific_data_encode  ble_advdata.o
    0x0002b620   0x0002b620   0x0000007e   Code   RO         5808    i.memobj_op         nrf_memobj.o
    0x0002b69e   0x0002b69e   0x00000002   PAD
    0x0002b6a0   0x0002b6a0   0x00000030   Code   RO         6344    i.module_idx_get    nrf_log_frontend.o
    0x0002b6d0   0x0002b6d0   0x00000008   Code   RO         2601    i.mutex_lock_status_get  pm_buffer.o
    0x0002b6d8   0x0002b6d8   0x000000a6   Code   RO          778    i.name_encode       ble_advdata.o
    0x0002b77e   0x0002b77e   0x00000002   PAD
    0x0002b780   0x0002b780   0x00000014   Code   RO         2795    i.new_context_get   security_manager.o
    0x0002b794   0x0002b794   0x00000032   Code   RO         2796    i.new_evt           security_manager.o
    0x0002b7c6   0x0002b7c6   0x00000030   Code   RO         2109    i.next_id_get       peer_id.o
    0x0002b7f6   0x0002b7f6   0x00000010   Code   RO         5223    i.nrf_atfifo_clear  nrf_atfifo.o
    0x0002b806   0x0002b806   0x00000026   Code   RO         5225    i.nrf_atfifo_init   nrf_atfifo.o
    0x0002b82c   0x0002b82c   0x00000016   Code   RO         5226    i.nrf_atfifo_item_alloc  nrf_atfifo.o
    0x0002b842   0x0002b842   0x00000016   Code   RO         5227    i.nrf_atfifo_item_free  nrf_atfifo.o
    0x0002b858   0x0002b858   0x00000016   Code   RO         5228    i.nrf_atfifo_item_get  nrf_atfifo.o
    0x0002b86e   0x0002b86e   0x00000016   Code   RO         5229    i.nrf_atfifo_item_put  nrf_atfifo.o
    0x0002b884   0x0002b884   0x00000016   Code   RO         5291    i.nrf_atflags_clear  nrf_atflags.o
    0x0002b89a   0x0002b89a   0x00000020   Code   RO         5293    i.nrf_atflags_fetch_set  nrf_atflags.o
    0x0002b8ba   0x0002b8ba   0x0000004a   Code   RO         5295    i.nrf_atflags_find_and_set_flag  nrf_atflags.o
    0x0002b904   0x0002b904   0x00000016   Code   RO         5296    i.nrf_atflags_get   nrf_atflags.o
    0x0002b91a   0x0002b91a   0x00000014   Code   RO         5298    i.nrf_atflags_set   nrf_atflags.o
    0x0002b92e   0x0002b92e   0x00000006   Code   RO         5359    i.nrf_atomic_flag_clear_fetch  nrf_atomic.o
    0x0002b934   0x0002b934   0x00000006   Code   RO         5360    i.nrf_atomic_flag_set  nrf_atomic.o
    0x0002b93a   0x0002b93a   0x00000006   Code   RO         5361    i.nrf_atomic_flag_set_fetch  nrf_atomic.o
    0x0002b940   0x0002b940   0x0000000c   Code   RO         5362    i.nrf_atomic_u32_add  nrf_atomic.o
    0x0002b94c   0x0002b94c   0x0000000c   Code   RO         5363    i.nrf_atomic_u32_and  nrf_atomic.o
    0x0002b958   0x0002b958   0x0000000a   Code   RO         5365    i.nrf_atomic_u32_fetch_add  nrf_atomic.o
    0x0002b962   0x0002b962   0x0000000a   Code   RO         5366    i.nrf_atomic_u32_fetch_and  nrf_atomic.o
    0x0002b96c   0x0002b96c   0x0000000a   Code   RO         5367    i.nrf_atomic_u32_fetch_or  nrf_atomic.o
    0x0002b976   0x0002b976   0x0000000a   Code   RO         5368    i.nrf_atomic_u32_fetch_store  nrf_atomic.o
    0x0002b980   0x0002b980   0x0000000c   Code   RO         5372    i.nrf_atomic_u32_or  nrf_atomic.o
    0x0002b98c   0x0002b98c   0x0000000c   Code   RO         5374    i.nrf_atomic_u32_sub  nrf_atomic.o
    0x0002b998   0x0002b998   0x00000044   Code   RO         5493    i.nrf_balloc_alloc  nrf_balloc.o
    0x0002b9dc   0x0002b9dc   0x00000030   Code   RO         5494    i.nrf_balloc_free   nrf_balloc.o
    0x0002ba0c   0x0002ba0c   0x00000030   Code   RO         5495    i.nrf_balloc_init   nrf_balloc.o
    0x0002ba3c   0x0002ba3c   0x00000010   Code   RO         3452    i.nrf_bitmask_bit_is_set  nrfx_gpiote.o
    0x0002ba4c   0x0002ba4c   0x00000022   Code   RO         1710    i.nrf_ble_gatt_init  nrf_ble_gatt.o
    0x0002ba6e   0x0002ba6e   0x00000002   PAD
    0x0002ba70   0x0002ba70   0x00000150   Code   RO         1711    i.nrf_ble_gatt_on_ble_evt  nrf_ble_gatt.o
    0x0002bbc0   0x0002bbc0   0x00000016   Code   RO         1805    i.nrf_ble_qwr_conn_handle_assign  nrf_ble_qwr.o
    0x0002bbd6   0x0002bbd6   0x00000024   Code   RO         1806    i.nrf_ble_qwr_init  nrf_ble_qwr.o
    0x0002bbfa   0x0002bbfa   0x000000b6   Code   RO         1807    i.nrf_ble_qwr_on_ble_evt  nrf_ble_qwr.o
    0x0002bcb0   0x0002bcb0   0x0000000e   Code   RO         3310    i.nrf_clock_event_check  nrfx_clock.o
    0x0002bcbe   0x0002bcbe   0x00000010   Code   RO         3311    i.nrf_clock_event_clear  nrfx_clock.o
    0x0002bcce   0x0002bcce   0x00000002   PAD
    0x0002bcd0   0x0002bcd0   0x00000040   Code   RO         2972    i.nrf_drv_clock_init  nrf_drv_clock.o
    0x0002bd10   0x0002bd10   0x00000034   Code   RO         2976    i.nrf_drv_clock_lfclk_release  nrf_drv_clock.o
    0x0002bd44   0x0002bd44   0x00000068   Code   RO         3118    i.nrf_drv_uart_init  nrf_drv_uart.o
    0x0002bdac   0x0002bdac   0x0000001a   Code   RO         5530    i.nrf_fprintf       nrf_fprintf.o
    0x0002bdc6   0x0002bdc6   0x00000018   Code   RO         5531    i.nrf_fprintf_buffer_flush  nrf_fprintf.o
    0x0002bdde   0x0002bdde   0x000001da   Code   RO         5571    i.nrf_fprintf_fmt   nrf_fprintf_format.o
    0x0002bfb8   0x0002bfb8   0x00000138   Code   RO         5611    i.nrf_fstorage_erase  nrf_fstorage.o
    0x0002c0f0   0x0002c0f0   0x00000094   Code   RO         5612    i.nrf_fstorage_init  nrf_fstorage.o
    0x0002c184   0x0002c184   0x00000018   Code   RO         5700    i.nrf_fstorage_sdh_req_handler  nrf_fstorage_sd.o
    0x0002c19c   0x0002c19c   0x00000020   Code   RO         5701    i.nrf_fstorage_sdh_state_handler  nrf_fstorage_sd.o
    0x0002c1bc   0x0002c1bc   0x000000a4   Code   RO         5702    i.nrf_fstorage_sys_evt_handler  nrf_fstorage_sd.o
    0x0002c260   0x0002c260   0x000001dc   Code   RO         5618    i.nrf_fstorage_write  nrf_fstorage.o
    0x0002c43c   0x0002c43c   0x00000032   Code   RO          418    i.nrf_gpio_cfg      boards.o
    0x0002c46e   0x0002c46e   0x00000032   Code   RO         3453    i.nrf_gpio_cfg      nrfx_gpiote.o
    0x0002c4a0   0x0002c4a0   0x00000032   Code   RO         3828    i.nrf_gpio_cfg      nrfx_uart.o
    0x0002c4d2   0x0002c4d2   0x00000032   Code   RO         4027    i.nrf_gpio_cfg      nrfx_uarte.o
    0x0002c504   0x0002c504   0x00000012   Code   RO         3829    i.nrf_gpio_cfg_default  nrfx_uart.o
    0x0002c516   0x0002c516   0x00000012   Code   RO         4028    i.nrf_gpio_cfg_default  nrfx_uarte.o
    0x0002c528   0x0002c528   0x00000012   Code   RO         3830    i.nrf_gpio_cfg_input  nrfx_uart.o
    0x0002c53a   0x0002c53a   0x00000012   Code   RO         4029    i.nrf_gpio_cfg_input  nrfx_uarte.o
    0x0002c54c   0x0002c54c   0x00000014   Code   RO         3831    i.nrf_gpio_cfg_output  nrfx_uart.o
    0x0002c560   0x0002c560   0x00000014   Code   RO         4030    i.nrf_gpio_cfg_output  nrfx_uarte.o
    0x0002c574   0x0002c574   0x00000030   Code   RO         3455    i.nrf_gpio_cfg_sense_set  nrfx_gpiote.o
    0x0002c5a4   0x0002c5a4   0x00000030   Code   RO         3456    i.nrf_gpio_latches_read_and_clear  nrfx_gpiote.o
    0x0002c5d4   0x0002c5d4   0x0000001c   Code   RO          419    i.nrf_gpio_pin_port_decode  boards.o
    0x0002c5f0   0x0002c5f0   0x0000001c   Code   RO         3458    i.nrf_gpio_pin_port_decode  nrfx_gpiote.o
    0x0002c60c   0x0002c60c   0x0000001c   Code   RO         3832    i.nrf_gpio_pin_port_decode  nrfx_uart.o
    0x0002c628   0x0002c628   0x0000001c   Code   RO         4031    i.nrf_gpio_pin_port_decode  nrfx_uarte.o
    0x0002c644   0x0002c644   0x0000002c   Code   RO         3459    i.nrf_gpio_pin_present_check  nrfx_gpiote.o
    0x0002c670   0x0002c670   0x00000016   Code   RO         3460    i.nrf_gpio_pin_read  nrfx_gpiote.o
    0x0002c686   0x0002c686   0x00000014   Code   RO         3833    i.nrf_gpio_pin_set  nrfx_uart.o
    0x0002c69a   0x0002c69a   0x00000014   Code   RO         4032    i.nrf_gpio_pin_set  nrfx_uarte.o
    0x0002c6ae   0x0002c6ae   0x00000026   Code   RO          420    i.nrf_gpio_pin_write  boards.o
    0x0002c6d4   0x0002c6d4   0x00000014   Code   RO         3462    i.nrf_gpiote_event_clear  nrfx_gpiote.o
    0x0002c6e8   0x0002c6e8   0x00000010   Code   RO         3463    i.nrf_gpiote_event_is_set  nrfx_gpiote.o
    0x0002c6f8   0x0002c6f8   0x0000005c   Code   RO         6345    i.nrf_log_backend_add  nrf_log_frontend.o
    0x0002c754   0x0002c754   0x000000c8   Code   RO         6190    i.nrf_log_backend_serial_put  nrf_log_backend_serial.o
    0x0002c81c   0x0002c81c   0x00000002   Code   RO         6230    i.nrf_log_backend_uart_flush  nrf_log_backend_uart.o
    0x0002c81e   0x0002c81e   0x00000006   Code   RO         6231    i.nrf_log_backend_uart_init  nrf_log_backend_uart.o
    0x0002c824   0x0002c824   0x0000002c   Code   RO         6232    i.nrf_log_backend_uart_panic_set  nrf_log_backend_uart.o
    0x0002c850   0x0002c850   0x00000018   Code   RO         6233    i.nrf_log_backend_uart_put  nrf_log_backend_uart.o
    0x0002c868   0x0002c868   0x00000030   Code   RO         6347    i.nrf_log_color_id_get  nrf_log_frontend.o
    0x0002c898   0x0002c898   0x0000001c   Code   RO         6303    i.nrf_log_default_backends_init  nrf_log_default_backends.o
    0x0002c8b4   0x0002c8b4   0x00000238   Code   RO         6348    i.nrf_log_frontend_dequeue  nrf_log_frontend.o
    0x0002caec   0x0002caec   0x00000008   Code   RO         6350    i.nrf_log_frontend_std_0  nrf_log_frontend.o
    0x0002caf4   0x0002caf4   0x0000000e   Code   RO         6351    i.nrf_log_frontend_std_1  nrf_log_frontend.o
    0x0002cb02   0x0002cb02   0x00000010   Code   RO         6352    i.nrf_log_frontend_std_2  nrf_log_frontend.o
    0x0002cb12   0x0002cb12   0x00000012   Code   RO         6353    i.nrf_log_frontend_std_3  nrf_log_frontend.o
    0x0002cb24   0x0002cb24   0x00000014   Code   RO         6354    i.nrf_log_frontend_std_4  nrf_log_frontend.o
    0x0002cb38   0x0002cb38   0x000000b0   Code   RO         6526    i.nrf_log_hexdump_entry_process  nrf_log_str_formatter.o
    0x0002cbe8   0x0002cbe8   0x00000028   Code   RO         6357    i.nrf_log_init      nrf_log_frontend.o
    0x0002cc10   0x0002cc10   0x00000014   Code   RO         6358    i.nrf_log_module_cnt_get  nrf_log_frontend.o
    0x0002cc24   0x0002cc24   0x0000001c   Code   RO         6361    i.nrf_log_module_name_get  nrf_log_frontend.o
    0x0002cc40   0x0002cc40   0x00000028   Code   RO         6362    i.nrf_log_panic     nrf_log_frontend.o
    0x0002cc68   0x0002cc68   0x000000b6   Code   RO         6527    i.nrf_log_std_entry_process  nrf_log_str_formatter.o
    0x0002cd1e   0x0002cd1e   0x00000060   Code   RO         5809    i.nrf_memobj_alloc  nrf_memobj.o
    0x0002cd7e   0x0002cd7e   0x00000032   Code   RO         5810    i.nrf_memobj_free   nrf_memobj.o
    0x0002cdb0   0x0002cdb0   0x00000008   Code   RO         5811    i.nrf_memobj_get    nrf_memobj.o
    0x0002cdb8   0x0002cdb8   0x00000004   Code   RO         5812    i.nrf_memobj_pool_init  nrf_memobj.o
    0x0002cdbc   0x0002cdbc   0x0000001e   Code   RO         5813    i.nrf_memobj_put    nrf_memobj.o
    0x0002cdda   0x0002cdda   0x00000010   Code   RO         5814    i.nrf_memobj_read   nrf_memobj.o
    0x0002cdea   0x0002cdea   0x00000010   Code   RO         5815    i.nrf_memobj_write  nrf_memobj.o
    0x0002cdfa   0x0002cdfa   0x00000002   PAD
    0x0002cdfc   0x0002cdfc   0x00000028   Code   RO         5887    i.nrf_pwr_mgmt_init  nrf_pwr_mgmt.o
    0x0002ce24   0x0002ce24   0x00000044   Code   RO         5888    i.nrf_pwr_mgmt_run  nrf_pwr_mgmt.o
    0x0002ce68   0x0002ce68   0x00000004   Code   RO           11    i.nrf_qwr_error_handler  main.o
    0x0002ce6c   0x0002ce6c   0x0000001c   Code   RO         5961    i.nrf_ringbuf_init  nrf_ringbuf.o
    0x0002ce88   0x0002ce88   0x0000000c   Code   RO         4706    i.nrf_rtc_event_clear  drv_rtc.o
    0x0002ce94   0x0002ce94   0x00000014   Code   RO         7061    i.nrf_sdh_ble_app_ram_start_get  nrf_sdh_ble.o
    0x0002cea8   0x0002cea8   0x00000100   Code   RO         7062    i.nrf_sdh_ble_default_cfg_set  nrf_sdh_ble.o
    0x0002cfa8   0x0002cfa8   0x00000130   Code   RO         7063    i.nrf_sdh_ble_enable  nrf_sdh_ble.o
    0x0002d0d8   0x0002d0d8   0x0000005c   Code   RO         7064    i.nrf_sdh_ble_evts_poll  nrf_sdh_ble.o
    0x0002d134   0x0002d134   0x00000054   Code   RO         6942    i.nrf_sdh_disable_request  nrf_sdh.o
    0x0002d188   0x0002d188   0x00000074   Code   RO         6943    i.nrf_sdh_enable_request  nrf_sdh.o
    0x0002d1fc   0x0002d1fc   0x00000024   Code   RO         6944    i.nrf_sdh_evts_poll  nrf_sdh.o
    0x0002d220   0x0002d220   0x0000000c   Code   RO         6945    i.nrf_sdh_is_enabled  nrf_sdh.o
    0x0002d22c   0x0002d22c   0x0000001c   Code   RO         6947    i.nrf_sdh_request_continue  nrf_sdh.o
    0x0002d248   0x0002d248   0x0000003c   Code   RO         7115    i.nrf_sdh_soc_evts_poll  nrf_sdh_soc.o
    0x0002d284   0x0002d284   0x0000000a   Code   RO         6019    i.nrf_section_iter_init  nrf_section_iter.o
    0x0002d28e   0x0002d28e   0x00000024   Code   RO         6020    i.nrf_section_iter_item_set  nrf_section_iter.o
    0x0002d2b2   0x0002d2b2   0x00000020   Code   RO         6021    i.nrf_section_iter_next  nrf_section_iter.o
    0x0002d2d2   0x0002d2d2   0x00000022   Code   RO         6054    i.nrf_sortlist_add  nrf_sortlist.o
    0x0002d2f4   0x0002d2f4   0x00000006   Code   RO         6056    i.nrf_sortlist_peek  nrf_sortlist.o
    0x0002d2fa   0x0002d2fa   0x0000000e   Code   RO         6057    i.nrf_sortlist_pop  nrf_sortlist.o
    0x0002d308   0x0002d308   0x0000001e   Code   RO         6058    i.nrf_sortlist_remove  nrf_sortlist.o
    0x0002d326   0x0002d326   0x00000002   PAD
    0x0002d328   0x0002d328   0x00000038   Code   RO         6110    i.nrf_strerror_find  nrf_strerror.o
    0x0002d360   0x0002d360   0x00000014   Code   RO         6111    i.nrf_strerror_get  nrf_strerror.o
    0x0002d374   0x0002d374   0x0000000a   Code   RO         3834    i.nrf_uart_event_check  nrfx_uart.o
    0x0002d37e   0x0002d37e   0x0000000c   Code   RO         3835    i.nrf_uart_event_clear  nrfx_uart.o
    0x0002d38a   0x0002d38a   0x0000000c   Code   RO         3836    i.nrf_uart_int_enable_check  nrfx_uart.o
    0x0002d396   0x0002d396   0x0000000a   Code   RO         4033    i.nrf_uarte_event_check  nrfx_uarte.o
    0x0002d3a0   0x0002d3a0   0x0000000c   Code   RO         4034    i.nrf_uarte_event_clear  nrfx_uarte.o
    0x0002d3ac   0x0002d3ac   0x00000010   Code   RO         2979    i.nrf_wdt_started   nrf_drv_clock.o
    0x0002d3bc   0x0002d3bc   0x0000002c   Code   RO         3316    i.nrfx_clock_enable  nrfx_clock.o
    0x0002d3e8   0x0002d3e8   0x00000020   Code   RO         3319    i.nrfx_clock_init   nrfx_clock.o
    0x0002d408   0x0002d408   0x00000030   Code   RO         3322    i.nrfx_clock_lfclk_stop  nrfx_clock.o
    0x0002d438   0x0002d438   0x00000010   Code   RO         4707    i.nrfx_coredep_delay_us  drv_rtc.o
    0x0002d448   0x0002d448   0x00000098   Code   RO         3469    i.nrfx_gpiote_in_event_enable  nrfx_gpiote.o
    0x0002d4e0   0x0002d4e0   0x000000d0   Code   RO         3471    i.nrfx_gpiote_in_init  nrfx_gpiote.o
    0x0002d5b0   0x0002d5b0   0x0000000e   Code   RO         3472    i.nrfx_gpiote_in_is_set  nrfx_gpiote.o
    0x0002d5be   0x0002d5be   0x00000002   PAD
    0x0002d5c0   0x0002d5c0   0x00000078   Code   RO         3474    i.nrfx_gpiote_init  nrfx_gpiote.o
    0x0002d638   0x0002d638   0x00000014   Code   RO         3475    i.nrfx_gpiote_is_init  nrfx_gpiote.o
    0x0002d64c   0x0002d64c   0x00000010   Code   RO         4035    i.nrfx_is_in_ram    nrfx_uarte.o
    0x0002d65c   0x0002d65c   0x0000003a   Code   RO         3774    i.nrfx_prs_acquire  nrfx_prs.o
    0x0002d696   0x0002d696   0x00000012   Code   RO         3775    i.nrfx_prs_release  nrfx_prs.o
    0x0002d6a8   0x0002d6a8   0x00000010   Code   RO         3837    i.nrfx_uart_0_irq_handler  nrfx_uart.o
    0x0002d6b8   0x0002d6b8   0x000000d4   Code   RO         3839    i.nrfx_uart_init    nrfx_uart.o
    0x0002d78c   0x0002d78c   0x000000a8   Code   RO         3845    i.nrfx_uart_tx      nrfx_uart.o
    0x0002d834   0x0002d834   0x00000020   Code   RO         3847    i.nrfx_uart_tx_in_progress  nrfx_uart.o
    0x0002d854   0x0002d854   0x000000c0   Code   RO         3848    i.nrfx_uart_uninit  nrfx_uart.o
    0x0002d914   0x0002d914   0x00000010   Code   RO         4036    i.nrfx_uarte_0_irq_handler  nrfx_uarte.o
    0x0002d924   0x0002d924   0x0000006c   Code   RO         4038    i.nrfx_uarte_init   nrfx_uarte.o
    0x0002d990   0x0002d990   0x000000ac   Code   RO         4042    i.nrfx_uarte_tx     nrfx_uarte.o
    0x0002da3c   0x0002da3c   0x0000001c   Code   RO         4044    i.nrfx_uarte_tx_in_progress  nrfx_uarte.o
    0x0002da58   0x0002da58   0x00000108   Code   RO         4045    i.nrfx_uarte_uninit  nrfx_uarte.o
    0x0002db60   0x0002db60   0x00000054   Code   RO           12    i.on_adv_evt        main.o
    0x0002dbb4   0x0002dbb4   0x0000001c   Code   RO           13    i.on_conn_params_evt  main.o
    0x0002dbd0   0x0002dbd0   0x000000a8   Code   RO         1712    i.on_connected_evt  nrf_ble_gatt.o
    0x0002dc78   0x0002dc78   0x000000ac   Code   RO         1713    i.on_exchange_mtu_request_evt  nrf_ble_gatt.o
    0x0002dd24   0x0002dd24   0x00000024   Code   RO         4888    i.page_identify     fds.o
    0x0002dd48   0x0002dd48   0x0000001c   Code   RO         4889    i.page_offsets_update  fds.o
    0x0002dd64   0x0002dd64   0x0000006c   Code   RO         4890    i.page_scan         fds.o
    0x0002ddd0   0x0002ddd0   0x0000001c   Code   RO         4891    i.page_tag_write_data  fds.o
    0x0002ddec   0x0002ddec   0x00000024   Code   RO         4892    i.page_tag_write_swap  fds.o
    0x0002de10   0x0002de10   0x00000130   Code   RO         4893    i.pages_init        fds.o
    0x0002df40   0x0002df40   0x0000000c   Code   RO         2655    i.pairing           security_dispatcher.o
    0x0002df4c   0x0002df4c   0x00000074   Code   RO         2656    i.pairing_failure   security_dispatcher.o
    0x0002dfc0   0x0002dfc0   0x0000002e   Code   RO         2657    i.pairing_success_evt_send  security_dispatcher.o
    0x0002dfee   0x0002dfee   0x00000006   Code   RO         2797    i.params_reply_pending_handle  security_manager.o
    0x0002dff4   0x0002dff4   0x00000020   Code   RO         2798    i.params_req_send   security_manager.o
    0x0002e014   0x0002e014   0x0000001c   Code   RO         1989    i.pdb_evt_send      peer_database.o
    0x0002e030   0x0002e030   0x00000090   Code   RO         1990    i.pdb_init          peer_database.o
    0x0002e0c0   0x0002e0c0   0x0000007c   Code   RO         1991    i.pdb_pds_evt_handler  peer_database.o
    0x0002e13c   0x0002e13c   0x00000006   Code   RO         1992    i.pdb_peer_data_ptr_get  peer_database.o
    0x0002e142   0x0002e142   0x00000002   PAD
    0x0002e144   0x0002e144   0x0000008c   Code   RO         1993    i.pdb_peer_free     peer_database.o
    0x0002e1d0   0x0002e1d0   0x000000dc   Code   RO         1994    i.pdb_write_buf_get  peer_database.o
    0x0002e2ac   0x0002e2ac   0x00000014   Code   RO         1995    i.pdb_write_buf_release  peer_database.o
    0x0002e2c0   0x0002e2c0   0x00000036   Code   RO         1996    i.pdb_write_buf_store  peer_database.o
    0x0002e2f6   0x0002e2f6   0x00000002   PAD
    0x0002e2f8   0x0002e2f8   0x00000010   Code   RO         1848    i.pds_evt_send      peer_data_storage.o
    0x0002e308   0x0002e308   0x000000dc   Code   RO         1849    i.pds_init          peer_data_storage.o
    0x0002e3e4   0x0002e3e4   0x00000004   Code   RO         1850    i.pds_next_deleted_peer_id_get  peer_data_storage.o
    0x0002e3e8   0x0002e3e8   0x00000004   Code   RO         1851    i.pds_next_peer_id_get  peer_data_storage.o
    0x0002e3ec   0x0002e3ec   0x00000058   Code   RO         1854    i.pds_peer_data_iterate  peer_data_storage.o
    0x0002e444   0x0002e444   0x00000010   Code   RO         1855    i.pds_peer_data_iterate_prepare  peer_data_storage.o
    0x0002e454   0x0002e454   0x00000072   Code   RO         1856    i.pds_peer_data_read  peer_data_storage.o
    0x0002e4c6   0x0002e4c6   0x00000002   PAD
    0x0002e4c8   0x0002e4c8   0x000000b4   Code   RO         1857    i.pds_peer_data_store  peer_data_storage.o
    0x0002e57c   0x0002e57c   0x00000008   Code   RO         1858    i.pds_peer_id_allocate  peer_data_storage.o
    0x0002e584   0x0002e584   0x00000016   Code   RO         1859    i.pds_peer_id_free  peer_data_storage.o
    0x0002e59a   0x0002e59a   0x00000004   Code   RO         1860    i.pds_peer_id_is_allocated  peer_data_storage.o
    0x0002e59e   0x0002e59e   0x00000002   PAD
    0x0002e5a0   0x0002e5a0   0x000000a8   Code   RO         1862    i.peer_data_delete_process  peer_data_storage.o
    0x0002e648   0x0002e648   0x00000030   Code   RO         1863    i.peer_data_find    peer_data_storage.o
    0x0002e678   0x0002e678   0x00000024   Code   RO         1864    i.peer_data_id_is_valid  peer_data_storage.o
    0x0002e69c   0x0002e69c   0x0000001a   Code   RO         1997    i.peer_data_point_to_buffer  peer_database.o
    0x0002e6b6   0x0002e6b6   0x00000002   PAD
    0x0002e6b8   0x0002e6b8   0x0000000c   Code   RO         2110    i.peer_id_allocate  peer_id.o
    0x0002e6c4   0x0002e6c4   0x00000024   Code   RO         2111    i.peer_id_delete    peer_id.o
    0x0002e6e8   0x0002e6e8   0x0000001c   Code   RO         2112    i.peer_id_free      peer_id.o
    0x0002e704   0x0002e704   0x0000000c   Code   RO         2113    i.peer_id_get_next_deleted  peer_id.o
    0x0002e710   0x0002e710   0x00000030   Code   RO         2114    i.peer_id_get_next_used  peer_id.o
    0x0002e740   0x0002e740   0x0000000c   Code   RO         2115    i.peer_id_init      peer_id.o
    0x0002e74c   0x0002e74c   0x00000014   Code   RO         2116    i.peer_id_is_allocated  peer_id.o
    0x0002e760   0x0002e760   0x00000014   Code   RO         2117    i.peer_id_is_deleted  peer_id.o
    0x0002e774   0x0002e774   0x0000006c   Code   RO           14    i.peer_manager_init  main.o
    0x0002e7e0   0x0002e7e0   0x00000016   Code   RO          886    i.phy_is_valid      ble_advertising.o
    0x0002e7f6   0x0002e7f6   0x00000002   PAD
    0x0002e7f8   0x0002e7f8   0x0000001c   Code   RO         3493    i.pin_configured_set  nrfx_gpiote.o
    0x0002e814   0x0002e814   0x00000018   Code   RO         3494    i.pin_in_use_by_port  nrfx_gpiote.o
    0x0002e82c   0x0002e82c   0x00000018   Code   RO         3495    i.pin_in_use_by_te  nrfx_gpiote.o
    0x0002e844   0x0002e844   0x00000064   Code   RO         2602    i.pm_buffer_block_acquire  pm_buffer.o
    0x0002e8a8   0x0002e8a8   0x00000024   Code   RO         2603    i.pm_buffer_init    pm_buffer.o
    0x0002e8cc   0x0002e8cc   0x00000028   Code   RO         2604    i.pm_buffer_ptr_get  pm_buffer.o
    0x0002e8f4   0x0002e8f4   0x00000032   Code   RO         2605    i.pm_buffer_release  pm_buffer.o
    0x0002e926   0x0002e926   0x00000002   PAD
    0x0002e928   0x0002e928   0x00000014   Code   RO         2204    i.pm_conn_sec_status_get  peer_manager.o
    0x0002e93c   0x0002e93c   0x0000001c   Code   RO         2205    i.pm_conn_secure    peer_manager.o
    0x0002e958   0x0002e958   0x00000020   Code   RO           15    i.pm_evt_handler    main.o
    0x0002e978   0x0002e978   0x00000004   Code   RO         2207    i.pm_gcm_evt_handler  peer_manager.o
    0x0002e97c   0x0002e97c   0x00000004   Code   RO         2208    i.pm_gscm_evt_handler  peer_manager.o
    0x0002e980   0x0002e980   0x00000244   Code   RO         2508    i.pm_handler_flash_clean  peer_manager_handler.o
    0x0002ebc4   0x0002ebc4   0x0000001c   Code   RO         2509    i.pm_handler_flash_clean_on_return  peer_manager_handler.o
    0x0002ebe0   0x0002ebe0   0x00000054   Code   RO         2510    i.pm_handler_on_pm_evt  peer_manager_handler.o
    0x0002ec34   0x0002ec34   0x00000310   Code   RO         2511    i.pm_handler_pm_evt_log  peer_manager_handler.o
    0x0002ef44   0x0002ef44   0x00000004   Code   RO         2211    i.pm_im_evt_handler  peer_manager.o
    0x0002ef48   0x0002ef48   0x000001bc   Code   RO         2212    i.pm_init           peer_manager.o
    0x0002f104   0x0002f104   0x00000118   Code   RO         2216    i.pm_pdb_evt_handler  peer_manager.o
    0x0002f21c   0x0002f21c   0x00000014   Code   RO         2227    i.pm_peer_delete    peer_manager.o
    0x0002f230   0x0002f230   0x0000011c   Code   RO         2231    i.pm_peer_rank_highest  peer_manager.o
    0x0002f34c   0x0002f34c   0x000000e8   Code   RO         2232    i.pm_peer_ranks_get  peer_manager.o
    0x0002f434   0x0002f434   0x00000094   Code   RO         2233    i.pm_peers_delete   peer_manager.o
    0x0002f4c8   0x0002f4c8   0x0000002c   Code   RO         2236    i.pm_register       peer_manager.o
    0x0002f4f4   0x0002f4f4   0x00000014   Code   RO         2238    i.pm_sec_params_set  peer_manager.o
    0x0002f508   0x0002f508   0x0000000a   Code   RO         2239    i.pm_sm_evt_handler  peer_manager.o
    0x0002f512   0x0002f512   0x00000002   PAD
    0x0002f514   0x0002f514   0x000000d0   Code   RO         3496    i.port_event_handle  nrfx_gpiote.o
    0x0002f5e4   0x0002f5e4   0x00000010   Code   RO         3497    i.port_handler_polarity_get  nrfx_gpiote.o
    0x0002f5f4   0x0002f5f4   0x0000003c   Code   RO         6529    i.postfix_process   nrf_log_str_formatter.o
    0x0002f630   0x0002f630   0x00000098   Code   RO         6530    i.prefix_process    nrf_log_str_formatter.o
    0x0002f6c8   0x0002f6c8   0x00000018   Code   RO         3776    i.prs_box_get       nrfx_prs.o
    0x0002f6e0   0x0002f6e0   0x0000001c   Code   RO         4894    i.queue_buf_get     fds.o
    0x0002f6fc   0x0002f6fc   0x00000010   Code   RO         4895    i.queue_buf_store   fds.o
    0x0002f70c   0x0002f70c   0x00000014   Code   RO         5703    i.queue_free        nrf_fstorage_sd.o
    0x0002f720   0x0002f720   0x000000a4   Code   RO         4896    i.queue_process     fds.o
    0x0002f7c4   0x0002f7c4   0x000000a0   Code   RO         5704    i.queue_process     nrf_fstorage_sd.o
    0x0002f864   0x0002f864   0x0000001c   Code   RO         4897    i.queue_start       fds.o
    0x0002f880   0x0002f880   0x00000024   Code   RO         5705    i.queue_start       nrf_fstorage_sd.o
    0x0002f8a4   0x0002f8a4   0x0000001c   Code   RO         2514    i.rank_highest      peer_manager_handler.o
    0x0002f8c0   0x0002f8c0   0x00000034   Code   RO         2242    i.rank_vars_update  peer_manager.o
    0x0002f8f4   0x0002f8f4   0x0000000e   Code   RO         5706    i.read              nrf_fstorage_sd.o
    0x0002f902   0x0002f902   0x00000002   PAD
    0x0002f904   0x0002f904   0x000000a8   Code   RO         1998    i.reattempt_previous_operations  peer_database.o
    0x0002f9ac   0x0002f9ac   0x00000090   Code   RO         4898    i.record_find       fds.o
    0x0002fa3c   0x0002fa3c   0x000000a0   Code   RO         4899    i.record_find_by_desc  fds.o
    0x0002fadc   0x0002fadc   0x0000005c   Code   RO         4900    i.record_find_next  fds.o
    0x0002fb38   0x0002fb38   0x0000003c   Code   RO         4901    i.record_header_flag_dirty  fds.o
    0x0002fb74   0x0002fb74   0x00000088   Code   RO         4902    i.records_stat      fds.o
    0x0002fbfc   0x0002fbfc   0x00000010   Code   RO         2119    i.release           peer_id.o
    0x0002fc0c   0x0002fc0c   0x00000004   Code   RO         5707    i.rmap              nrf_fstorage_sd.o
    0x0002fc10   0x0002fc10   0x0000005c   Code   RO         4459    i.rtc_irq           app_timer2.o
    0x0002fc6c   0x0002fc6c   0x00000064   Code   RO         4460    i.rtc_schedule      app_timer2.o
    0x0002fcd0   0x0002fcd0   0x00000074   Code   RO         4461    i.rtc_update        app_timer2.o
    0x0002fd44   0x0002fd44   0x00000032   Code   RO         3849    i.rx_byte           nrfx_uart.o
    0x0002fd76   0x0002fd76   0x00000016   Code   RO         3850    i.rx_done_event     nrfx_uart.o
    0x0002fd8c   0x0002fd8c   0x00000016   Code   RO         4046    i.rx_done_event     nrfx_uarte.o
    0x0002fda2   0x0002fda2   0x00000002   PAD
    0x0002fda4   0x0002fda4   0x00000024   Code   RO         1287    i.sc_send_pending_handle  gatt_cache_manager.o
    0x0002fdc8   0x0002fdc8   0x00000058   Code   RO         2980    i.sd_state_evt_handler  nrf_drv_clock.o
    0x0002fe20   0x0002fe20   0x00000030   Code   RO         6950    i.sdh_request_observer_notify  nrf_sdh.o
    0x0002fe50   0x0002fe50   0x0000002c   Code   RO         6951    i.sdh_state_observer_notify  nrf_sdh.o
    0x0002fe7c   0x0002fe7c   0x000000d8   Code   RO         2658    i.sec_info_request_process  security_dispatcher.o
    0x0002ff54   0x0002ff54   0x000000f4   Code   RO         2659    i.sec_keyset_fill   security_dispatcher.o
    0x00030048   0x00030048   0x00000076   Code   RO         2799    i.sec_params_verify  security_manager.o
    0x000300be   0x000300be   0x00000002   PAD
    0x000300c0   0x000300c0   0x00000060   Code   RO         2660    i.sec_proc_start    security_dispatcher.o
    0x00030120   0x00030120   0x0000005c   Code   RO         2800    i.sec_req_process   security_manager.o
    0x0003017c   0x0003017c   0x00000022   Code   RO         2661    i.send_config_req   security_dispatcher.o
    0x0003019e   0x0003019e   0x00000002   PAD
    0x000301a0   0x000301a0   0x00000010   Code   RO          974    i.send_error_evt    ble_conn_params.o
    0x000301b0   0x000301b0   0x00000028   Code   RO         1288    i.send_unexpected_error  gatt_cache_manager.o
    0x000301d8   0x000301d8   0x00000028   Code   RO         2662    i.send_unexpected_error  security_dispatcher.o
    0x00030200   0x00030200   0x00000040   Code   RO         6234    i.serial_tx         nrf_log_backend_uart.o
    0x00030240   0x00030240   0x00000014   Code   RO         1289    i.service_changed_pending_flags_check  gatt_cache_manager.o
    0x00030254   0x00030254   0x00000094   Code   RO         1448    i.service_changed_pending_set  gatts_cache_manager.o
    0x000302e8   0x000302e8   0x00000168   Code   RO         1290    i.service_changed_send_in_evt  gatt_cache_manager.o
    0x00030450   0x00030450   0x00000088   Code   RO          779    i.service_data_encode  ble_advdata.o
    0x000304d8   0x000304d8   0x00000028   Code   RO           16    i.sleep_mode_enter  main.o
    0x00030500   0x00030500   0x0000002c   Code   RO         2801    i.sm_ble_evt_handler  security_manager.o
    0x0003052c   0x0003052c   0x000000a2   Code   RO         2803    i.sm_conn_sec_status_get  security_manager.o
    0x000305ce   0x000305ce   0x00000002   PAD
    0x000305d0   0x000305d0   0x00000058   Code   RO         2804    i.sm_init           security_manager.o
    0x00030628   0x00030628   0x0000000a   Code   RO         2806    i.sm_link_secure    security_manager.o
    0x00030632   0x00030632   0x00000002   PAD
    0x00030634   0x00030634   0x00000044   Code   RO         2807    i.sm_pdb_evt_handler  security_manager.o
    0x00030678   0x00030678   0x00000028   Code   RO         2808    i.sm_sec_is_sufficient  security_manager.o
    0x000306a0   0x000306a0   0x00000034   Code   RO         2810    i.sm_sec_params_set  security_manager.o
    0x000306d4   0x000306d4   0x0000002c   Code   RO         2811    i.sm_smd_evt_handler  security_manager.o
    0x00030700   0x00030700   0x000000f4   Code   RO         2663    i.smd_ble_evt_handler  security_dispatcher.o
    0x000307f4   0x000307f4   0x00000068   Code   RO         2665    i.smd_init          security_dispatcher.o
    0x0003085c   0x0003085c   0x00000028   Code   RO         2666    i.smd_link_secure   security_dispatcher.o
    0x00030884   0x00030884   0x000000ac   Code   RO         2667    i.smd_params_reply  security_dispatcher.o
    0x00030930   0x00030930   0x00000040   Code   RO         2812    i.smd_params_reply_perform  security_manager.o
    0x00030970   0x00030970   0x00000018   Code   RO         2981    i.soc_evt_handler   nrf_drv_clock.o
    0x00030988   0x00030988   0x00000040   Code   RO         6952    i.softdevice_evt_irq_disable  nrf_sdh.o
    0x000309c8   0x000309c8   0x00000058   Code   RO         6953    i.softdevices_evt_irq_enable  nrf_sdh.o
    0x00030a20   0x00030a20   0x0000000c   Code   RO         4462    i.sortlist_pop      app_timer2.o
    0x00030a2c   0x00030a2c   0x00000030   Code   RO         4203    i.state_set         app_button.o
    0x00030a5c   0x00030a5c   0x00000094   Code   RO         6364    i.std_n             nrf_log_frontend.o
    0x00030af0   0x00030af0   0x0000006c   Code   RO         1291    i.store_car_value   gatt_cache_manager.o
    0x00030b5c   0x00030b5c   0x00000058   Code   RO         4463    i.timer_expire      app_timer2.o
    0x00030bb4   0x00030bb4   0x00000078   Code   RO         4464    i.timer_req_process  app_timer2.o
    0x00030c2c   0x00030c2c   0x00000038   Code   RO         4465    i.timer_req_schedule  app_timer2.o
    0x00030c64   0x00030c64   0x00000018   Code   RO         4204    i.timer_start       app_button.o
    0x00030c7c   0x00030c7c   0x00000020   Code   RO         3852    i.tx_byte           nrfx_uart.o
    0x00030c9c   0x00030c9c   0x0000001a   Code   RO         3853    i.tx_done_event     nrfx_uart.o
    0x00030cb6   0x00030cb6   0x0000001a   Code   RO         4047    i.tx_done_event     nrfx_uarte.o
    0x00030cd0   0x00030cd0   0x00000030   Code   RO         3119    i.uart_evt_handler  nrf_drv_uart.o
    0x00030d00   0x00030d00   0x0000000c   Code   RO         6235    i.uart_evt_handler  nrf_log_backend_uart.o
    0x00030d0c   0x00030d0c   0x00000050   Code   RO         6236    i.uart_init         nrf_log_backend_uart.o
    0x00030d5c   0x00030d5c   0x0000012a   Code   RO         3854    i.uart_irq_handler  nrfx_uart.o
    0x00030e86   0x00030e86   0x00000002   PAD
    0x00030e88   0x00030e88   0x00000030   Code   RO         3120    i.uarte_evt_handler  nrf_drv_uart.o
    0x00030eb8   0x00030eb8   0x00000112   Code   RO         4048    i.uarte_irq_handler  nrfx_uarte.o
    0x00030fca   0x00030fca   0x0000000a   Code   RO          780    i.uint16_encode     ble_advdata.o
    0x00030fd4   0x00030fd4   0x00000020   Code   RO         5708    i.uninit            nrf_fstorage_sd.o
    0x00030ff4   0x00030ff4   0x000000b4   Code   RO         5572    i.unsigned_print    nrf_fprintf_format.o
    0x000310a8   0x000310a8   0x00000030   Code   RO         1292    i.update_pending_flags_check  gatt_cache_manager.o
    0x000310d8   0x000310d8   0x00000068   Code   RO          975    i.update_timeout_handler  ble_conn_params.o
    0x00031140   0x00031140   0x00000018   Code   RO          887    i.use_whitelist     ble_advertising.o
    0x00031158   0x00031158   0x0000000c   Code   RO         1062    i.user_flag_is_acquired  ble_conn_state.o
    0x00031164   0x00031164   0x00000024   Code   RO         1808    i.user_mem_reply    nrf_ble_qwr.o
    0x00031188   0x00031188   0x00000020   Code   RO         4205    i.usr_event         app_button.o
    0x000311a8   0x000311a8   0x00000030   Code   RO          781    i.uuid_list_encode  ble_advdata.o
    0x000311d8   0x000311d8   0x0000009e   Code   RO          782    i.uuid_list_sized_encode  ble_advdata.o
    0x00031276   0x00031276   0x00000002   PAD
    0x00031278   0x00031278   0x0000004c   Code   RO          538    i.wakeup_button_cfg  bsp.o
    0x000312c4   0x000312c4   0x00000004   Code   RO         5709    i.wmap              nrf_fstorage_sd.o
    0x000312c8   0x000312c8   0x00000050   Code   RO         5710    i.write             nrf_fstorage_sd.o
    0x00031318   0x00031318   0x0000014c   Code   RO         1999    i.write_buf_store   peer_database.o
    0x00031464   0x00031464   0x00000034   Code   RO         2000    i.write_buffer_record_find  peer_database.o
    0x00031498   0x00031498   0x00000030   Code   RO         2001    i.write_buffer_record_find_next  peer_database.o
    0x000314c8   0x000314c8   0x0000001c   Code   RO         2002    i.write_buffer_record_invalidate  peer_database.o
    0x000314e4   0x000314e4   0x0000002c   Code   RO         2003    i.write_buffer_record_release  peer_database.o
    0x00031510   0x00031510   0x000000f4   Code   RO         4903    i.write_enqueue     fds.o
    0x00031604   0x00031604   0x000000f8   Code   RO         4904    i.write_execute     fds.o
    0x000316fc   0x000316fc   0x00000018   Code   RO         4905    i.write_space_free  fds.o
    0x00031714   0x00031714   0x00000060   Code   RO         4906    i.write_space_reserve  fds.o
    0x00031774   0x00031774   0x00000008   Data   RO          421    .constdata          boards.o
    0x0003177c   0x0003177c   0x0000002c   Data   RO          543    .constdata          bsp.o
    0x000317a8   0x000317a8   0x0000006c   Data   RO         1293    .constdata          gatt_cache_manager.o
    0x00031814   0x00031814   0x00000004   Data   RO         1449    .constdata          gatts_cache_manager.o
    0x00031818   0x00031818   0x00000010   Data   RO         1450    .constdata          gatts_cache_manager.o
    0x00031828   0x00031828   0x00000004   Data   RO         1451    .constdata          gatts_cache_manager.o
    0x0003182c   0x0003182c   0x00000008   Data   RO         1558    .constdata          id_manager.o
    0x00031834   0x00031834   0x00000016   Data   RO         1714    .constdata          nrf_ble_gatt.o
    0x0003184a   0x0003184a   0x00000002   PAD
    0x0003184c   0x0003184c   0x00000018   Data   RO         1865    .constdata          peer_data_storage.o
    0x00031864   0x00031864   0x00000010   Data   RO         2005    .constdata          peer_database.o
    0x00031874   0x00031874   0x0000002c   Data   RO         2244    .constdata          peer_manager.o
    0x000318a0   0x000318a0   0x00000014   Data   RO         2517    .constdata          peer_manager_handler.o
    0x000318b4   0x000318b4   0x00000078   Data   RO         2669    .constdata          security_dispatcher.o
    0x0003192c   0x0003192c   0x00000008   Data   RO         2813    .constdata          security_manager.o
    0x00031934   0x00031934   0x00000008   Data   RO         3499    .constdata          nrfx_gpiote.o
    0x0003193c   0x0003193c   0x00000004   Data   RO         3857    .constdata          nrfx_uart.o
    0x00031940   0x00031940   0x00000004   Data   RO         4051    .constdata          nrfx_uarte.o
    0x00031944   0x00031944   0x00000008   Data   RO         4208    .constdata          app_button.o
    0x0003194c   0x0003194c   0x00000014   Data   RO         4468    .constdata          app_timer2.o
    0x00031960   0x00031960   0x00000006   Data   RO         4708    .constdata          drv_rtc.o
    0x00031966   0x00031966   0x00000002   PAD
    0x00031968   0x00031968   0x00000018   Data   RO         4909    .constdata          fds.o
    0x00031980   0x00031980   0x00000010   Data   RO         5573    .constdata          nrf_fprintf_format.o
    0x00031990   0x00031990   0x0000005e   Data   RO         5619    .constdata          nrf_fstorage.o
    0x000319ee   0x000319ee   0x00000002   PAD
    0x000319f0   0x000319f0   0x00000010   Data   RO         5713    .constdata          nrf_fstorage_sd.o
    0x00031a00   0x00031a00   0x00000020   Data   RO         5714    .constdata          nrf_fstorage_sd.o
    0x00031a20   0x00031a20   0x00000018   Data   RO         5892    .constdata          nrf_pwr_mgmt.o
    0x00031a38   0x00031a38   0x0000000c   Data   RO         5893    .constdata          nrf_pwr_mgmt.o
    0x00031a44   0x00031a44   0x0000013c   Data   RO         6112    .constdata          nrf_strerror.o
    0x00031b80   0x00031b80   0x0000000c   Data   RO         6238    .constdata          nrf_log_backend_uart.o
    0x00031b8c   0x00031b8c   0x00000020   Data   RO         6239    .constdata          nrf_log_backend_uart.o
    0x00031bac   0x00031bac   0x0000000c   Data   RO         6369    .constdata          nrf_log_frontend.o
    0x00031bb8   0x00031bb8   0x00000010   Data   RO         6954    .constdata          nrf_sdh.o
    0x00031bc8   0x00031bc8   0x00000028   Data   RO         6955    .constdata          nrf_sdh.o
    0x00031bf0   0x00031bf0   0x00000010   Data   RO         6956    .constdata          nrf_sdh.o
    0x00031c00   0x00031c00   0x00000010   Data   RO         6957    .constdata          nrf_sdh.o
    0x00031c10   0x00031c10   0x00000020   Data   RO         7065    .constdata          nrf_sdh_ble.o
    0x00031c30   0x00031c30   0x00000010   Data   RO         7066    .constdata          nrf_sdh_ble.o
    0x00031c40   0x00031c40   0x00000010   Data   RO         7116    .constdata          nrf_sdh_soc.o
    0x00031c50   0x00031c50   0x0000000c   Data   RO         7117    .constdata          nrf_sdh_soc.o
    0x00031c5c   0x00031c5c   0x00000081   Data   RO         7218    .constdata          mc_w.l(ctype_o.o)
    0x00031cdd   0x00031cdd   0x00000003   PAD
    0x00031ce0   0x00031ce0   0x00000004   Data   RO         7219    .constdata          mc_w.l(ctype_o.o)
    0x00031ce4   0x00031ce4   0x000001a4   Data   RO         1294    .conststring        gatt_cache_manager.o
    0x00031e88   0x00031e88   0x0000019c   Data   RO         1452    .conststring        gatts_cache_manager.o
    0x00032024   0x00032024   0x000000a2   Data   RO         1715    .conststring        nrf_ble_gatt.o
    0x000320c6   0x000320c6   0x00000002   PAD
    0x000320c8   0x000320c8   0x000000e8   Data   RO         1866    .conststring        peer_data_storage.o
    0x000321b0   0x000321b0   0x00000180   Data   RO         2006    .conststring        peer_database.o
    0x00032330   0x00032330   0x00000090   Data   RO         2245    .conststring        peer_manager.o
    0x000323c0   0x000323c0   0x0000030f   Data   RO         2518    .conststring        peer_manager_handler.o
    0x000326cf   0x000326cf   0x00000001   PAD
    0x000326d0   0x000326d0   0x000002b2   Data   RO         2670    .conststring        security_dispatcher.o
    0x00032982   0x00032982   0x00000002   PAD
    0x00032984   0x00032984   0x0000017b   Data   RO         2814    .conststring        security_manager.o
    0x00032aff   0x00032aff   0x00000001   PAD
    0x00032b00   0x00032b00   0x0000004f   Data   RO         5620    .conststring        nrf_fstorage.o
    0x00032b4f   0x00032b4f   0x00000001   PAD
    0x00032b50   0x00032b50   0x000003eb   Data   RO         6113    .conststring        nrf_strerror.o
    0x00032f3b   0x00032f3b   0x00000001   PAD
    0x00032f3c   0x00032f3c   0x00000066   Data   RO         6531    .conststring        nrf_log_str_formatter.o
    0x00032fa2   0x00032fa2   0x00000002   PAD
    0x00032fa4   0x00032fa4   0x00000188   Data   RO         7067    .conststring        nrf_sdh_ble.o
    0x0003312c   0x0003312c   0x00000011   Data   RO         1295    .conststrlit        gatt_cache_manager.o
    0x0003313d   0x0003313d   0x00000003   PAD
    0x00033140   0x00033140   0x00000012   Data   RO         1453    .conststrlit        gatts_cache_manager.o
    0x00033152   0x00033152   0x00000002   PAD
    0x00033154   0x00033154   0x00000010   Data   RO         1560    .conststrlit        id_manager.o
    0x00033164   0x00033164   0x0000000d   Data   RO         1716    .conststrlit        nrf_ble_gatt.o
    0x00033171   0x00033171   0x00000003   PAD
    0x00033174   0x00033174   0x00000011   Data   RO         1867    .conststrlit        peer_data_storage.o
    0x00033185   0x00033185   0x00000003   PAD
    0x00033188   0x00033188   0x00000011   Data   RO         2007    .conststrlit        peer_database.o
    0x00033199   0x00033199   0x00000003   PAD
    0x0003319c   0x0003319c   0x0000000d   Data   RO         2246    .conststrlit        peer_manager.o
    0x000331a9   0x000331a9   0x00000003   PAD
    0x000331ac   0x000331ac   0x00000015   Data   RO         2521    .conststrlit        peer_manager_handler.o
    0x000331c1   0x000331c1   0x00000003   PAD
    0x000331c4   0x000331c4   0x00000011   Data   RO         2671    .conststrlit        security_dispatcher.o
    0x000331d5   0x000331d5   0x00000003   PAD
    0x000331d8   0x000331d8   0x00000010   Data   RO         2815    .conststrlit        security_manager.o
    0x000331e8   0x000331e8   0x00000006   Data   RO         2987    .conststrlit        nrf_drv_clock.o
    0x000331ee   0x000331ee   0x00000002   PAD
    0x000331f0   0x000331f0   0x00000006   Data   RO         3326    .conststrlit        nrfx_clock.o
    0x000331f6   0x000331f6   0x00000002   PAD
    0x000331f8   0x000331f8   0x00000007   Data   RO         3503    .conststrlit        nrfx_gpiote.o
    0x000331ff   0x000331ff   0x00000001   PAD
    0x00033200   0x00033200   0x00000004   Data   RO         3778    .conststrlit        nrfx_prs.o
    0x00033204   0x00033204   0x00000005   Data   RO         3860    .conststrlit        nrfx_uart.o
    0x00033209   0x00033209   0x00000003   PAD
    0x0003320c   0x0003320c   0x00000006   Data   RO         4054    .conststrlit        nrfx_uarte.o
    0x00033212   0x00033212   0x00000002   PAD
    0x00033214   0x00033214   0x0000000b   Data   RO         4209    .conststrlit        app_button.o
    0x0003321f   0x0003321f   0x00000001   PAD
    0x00033220   0x00033220   0x0000000a   Data   RO         4469    .conststrlit        app_timer2.o
    0x0003322a   0x0003322a   0x00000002   PAD
    0x0003322c   0x0003322c   0x0000000d   Data   RO         5621    .conststrlit        nrf_fstorage.o
    0x00033239   0x00033239   0x00000003   PAD
    0x0003323c   0x0003323c   0x00000009   Data   RO         5894    .conststrlit        nrf_pwr_mgmt.o
    0x00033245   0x00033245   0x00000003   PAD
    0x00033248   0x00033248   0x00000009   Data   RO         6059    .conststrlit        nrf_sortlist.o
    0x00033251   0x00033251   0x00000003   PAD
    0x00033254   0x00033254   0x00000011   Data   RO         6304    .conststrlit        nrf_log_default_backends.o
    0x00033265   0x00033265   0x00000003   PAD
    0x00033268   0x00033268   0x00000004   Data   RO         6370    .conststrlit        nrf_log_frontend.o
    0x0003326c   0x0003326c   0x00000008   Data   RO         6958    .conststrlit        nrf_sdh.o
    0x00033274   0x00033274   0x0000000c   Data   RO         7068    .conststrlit        nrf_sdh_ble.o
    0x00033280   0x00033280   0x0000000c   Data   RO         7118    .conststrlit        nrf_sdh_soc.o
    0x0003328c   0x0003328c   0x00000020   Data   RO         7279    Region$$Table       anon$$obj.o
    0x000332ac   0x000332ac   0x00000010   Data   RO         6306    log_backends        nrf_log_default_backends.o
    0x000332bc   0x000332bc   0x00000008   Data   RO         1297    log_const_data      gatt_cache_manager.o
    0x000332c4   0x000332c4   0x00000008   Data   RO         1455    log_const_data      gatts_cache_manager.o
    0x000332cc   0x000332cc   0x00000008   Data   RO         1562    log_const_data      id_manager.o
    0x000332d4   0x000332d4   0x00000008   Data   RO         1717    log_const_data      nrf_ble_gatt.o
    0x000332dc   0x000332dc   0x00000008   Data   RO         1869    log_const_data      peer_data_storage.o
    0x000332e4   0x000332e4   0x00000008   Data   RO         2009    log_const_data      peer_database.o
    0x000332ec   0x000332ec   0x00000008   Data   RO         2248    log_const_data      peer_manager.o
    0x000332f4   0x000332f4   0x00000008   Data   RO         2524    log_const_data      peer_manager_handler.o
    0x000332fc   0x000332fc   0x00000008   Data   RO         2673    log_const_data      security_dispatcher.o
    0x00033304   0x00033304   0x00000008   Data   RO         2817    log_const_data      security_manager.o
    0x0003330c   0x0003330c   0x00000008   Data   RO         2988    log_const_data      nrf_drv_clock.o
    0x00033314   0x00033314   0x00000008   Data   RO         3328    log_const_data      nrfx_clock.o
    0x0003331c   0x0003331c   0x00000008   Data   RO         3504    log_const_data      nrfx_gpiote.o
    0x00033324   0x00033324   0x00000008   Data   RO         3780    log_const_data      nrfx_prs.o
    0x0003332c   0x0003332c   0x00000008   Data   RO         3861    log_const_data      nrfx_uart.o
    0x00033334   0x00033334   0x00000008   Data   RO         4055    log_const_data      nrfx_uarte.o
    0x0003333c   0x0003333c   0x00000008   Data   RO         4211    log_const_data      app_button.o
    0x00033344   0x00033344   0x00000008   Data   RO         4472    log_const_data      app_timer2.o
    0x0003334c   0x0003334c   0x00000008   Data   RO         5622    log_const_data      nrf_fstorage.o
    0x00033354   0x00033354   0x00000008   Data   RO         5896    log_const_data      nrf_pwr_mgmt.o
    0x0003335c   0x0003335c   0x00000008   Data   RO         6060    log_const_data      nrf_sortlist.o
    0x00033364   0x00033364   0x00000008   Data   RO         6374    log_const_data      nrf_log_frontend.o
    0x0003336c   0x0003336c   0x00000008   Data   RO         6960    log_const_data      nrf_sdh.o
    0x00033374   0x00033374   0x00000008   Data   RO         7070    log_const_data      nrf_sdh_ble.o
    0x0003337c   0x0003337c   0x00000008   Data   RO         7119    log_const_data      nrf_sdh_soc.o
    0x00033384   0x00033384   0x00000014   Data   RO         6375    nrf_balloc          nrf_log_frontend.o
    0x00033398   0x00033398   0x00000008   Data   RO         1064    sdh_ble_observers0  ble_conn_state.o
    0x000333a0   0x000333a0   0x00000010   Data   RO           19    sdh_ble_observers1  main.o
    0x000333b0   0x000333b0   0x00000008   Data   RO          646    sdh_ble_observers1  bsp_btn_ble.o
    0x000333b8   0x000333b8   0x00000008   Data   RO          978    sdh_ble_observers1  ble_conn_params.o
    0x000333c0   0x000333c0   0x00000008   Data   RO         2249    sdh_ble_observers1  peer_manager.o
    0x000333c8   0x000333c8   0x00000008   Data   RO           20    sdh_ble_observers2  main.o
    0x000333d0   0x000333d0   0x00000008   Data   RO           21    sdh_ble_observers3  main.o
    0x000333d8   0x000333d8   0x00000008   Data   RO         5716    sdh_req_observers0  nrf_fstorage_sd.o
    0x000333e0   0x000333e0   0x00000008   Data   RO         2989    sdh_soc_observers0  nrf_drv_clock.o
    0x000333e8   0x000333e8   0x00000008   Data   RO         5717    sdh_soc_observers0  nrf_fstorage_sd.o
    0x000333f0   0x000333f0   0x00000008   Data   RO         7071    sdh_stack_observers0  nrf_sdh_ble.o
    0x000333f8   0x000333f8   0x00000008   Data   RO         7120    sdh_stack_observers0  nrf_sdh_soc.o
    0x00033400   0x00033400   0x00000008   Data   RO         2990    sdh_state_observers0  nrf_drv_clock.o
    0x00033408   0x00033408   0x00000008   Data   RO         5718    sdh_state_observers0  nrf_fstorage_sd.o


    Execution Region RW_IRAM1 (Exec base: 0x20002260, Load base: 0x00033410, Size: 0x00003388, Max: 0x0003dda0, ABSOLUTE, COMPRESSED[0x0000009c])

    Exec Addr    Load Addr    Size         Type   Attr      Idx    E Section Name        Object

    0x20002260   COMPRESSED   0x00000006   Data   RW           18    .data               main.o
    0x20002266   COMPRESSED   0x00000002   PAD
    0x20002268   COMPRESSED   0x00000010   Data   RW          544    .data               bsp.o
    0x20002278   COMPRESSED   0x00000008   Data   RW          645    .data               bsp_btn_ble.o
    0x20002280   COMPRESSED   0x00000008   Data   RW          977    .data               ble_conn_params.o
    0x20002288   COMPRESSED   0x00000010   Data   RW         1296    .data               gatt_cache_manager.o
    0x20002298   COMPRESSED   0x0000000c   Data   RW         1454    .data               gatts_cache_manager.o
    0x200022a4   COMPRESSED   0x0000000c   Data   RW         1868    .data               peer_data_storage.o
    0x200022b0   COMPRESSED   0x00000008   Data   RW         2008    .data               peer_database.o
    0x200022b8   COMPRESSED   0x00000010   Data   RW         2247    .data               peer_manager.o
    0x200022c8   COMPRESSED   0x00000060   Data   RW         2522    .data               peer_manager_handler.o
    0x20002328   COMPRESSED   0x00000005   Data   RW         2672    .data               security_dispatcher.o
    0x2000232d   COMPRESSED   0x00000003   PAD
    0x20002330   COMPRESSED   0x00000015   Data   RW         2816    .data               security_manager.o
    0x20002345   COMPRESSED   0x00000003   PAD
    0x20002348   COMPRESSED   0x00000014   Data   RW         3121    .data               nrf_drv_uart.o
    0x2000235c   COMPRESSED   0x00000008   Data   RW         3327    .data               nrfx_clock.o
    0x20002364   COMPRESSED   0x00000008   Data   RW         3779    .data               nrfx_prs.o
    0x2000236c   COMPRESSED   0x00000004   PAD
    0x20002370   COMPRESSED   0x00000018   Data   RW         4210    .data               app_button.o
    0x20002388   COMPRESSED   0x00000020   Data   RW         4470    .data               app_timer2.o
    0x200023a8   COMPRESSED   0x00000004   Data   RW         4471    .data               app_timer2.o
    0x200023ac   COMPRESSED   0x0000000c   Data   RW         4709    .data               drv_rtc.o
    0x200023b8   COMPRESSED   0x00000030   Data   RW         4910    .data               fds.o
    0x200023e8   COMPRESSED   0x00000008   Data   RW         5715    .data               nrf_fstorage_sd.o
    0x200023f0   COMPRESSED   0x00000008   Data   RW         5895    .data               nrf_pwr_mgmt.o
    0x200023f8   COMPRESSED   0x00000018   Data   RW         6240    .data               nrf_log_backend_uart.o
    0x20002410   COMPRESSED   0x00000008   Data   RW         6305    .data               nrf_log_default_backends.o
    0x20002418   COMPRESSED   0x00000004   Data   RW         6371    .data               nrf_log_frontend.o
    0x2000241c   COMPRESSED   0x00000008   Data   RW         6372    .data               nrf_log_frontend.o
    0x20002424   COMPRESSED   0x00000008   Data   RW         6373    .data               nrf_log_frontend.o
    0x2000242c   COMPRESSED   0x00000040   Data   RW         6532    .data               nrf_log_str_formatter.o
    0x2000246c   COMPRESSED   0x00000003   Data   RW         6959    .data               nrf_sdh.o
    0x2000246f   COMPRESSED   0x00000001   Data   RW         7069    .data               nrf_sdh_ble.o
    0x20002470   COMPRESSED   0x00000004   Data   RW         7159    .data               system_nrf52840.o
    0x20002474   COMPRESSED   0x00000014   Data   RW         4911    fs_data             fds.o
    0x20002488        -       0x00000454   Zero   RW           17    .bss                main.o
    0x200028dc   COMPRESSED   0x00000004   PAD
    0x200028e0        -       0x00000020   Zero   RW          539    .bss                bsp.o
    0x20002900        -       0x00000020   Zero   RW          540    .bss                bsp.o
    0x20002920        -       0x0000000c   Zero   RW          541    .bss                bsp.o
    0x2000292c   COMPRESSED   0x00000004   PAD
    0x20002930        -       0x00000020   Zero   RW          542    .bss                bsp.o
    0x20002950        -       0x00000050   Zero   RW          976    .bss                ble_conn_params.o
    0x200029a0        -       0x0000007c   Zero   RW         1063    .bss                ble_conn_state.o
    0x20002a1c        -       0x000000d8   Zero   RW         1557    .bss                id_manager.o
    0x20002af4        -       0x00000180   Zero   RW         2004    .bss                peer_database.o
    0x20002c74        -       0x00000040   Zero   RW         2120    .bss                peer_id.o
    0x20002cb4        -       0x0000000c   Zero   RW         2243    .bss                peer_manager.o
    0x20002cc0        -       0x00000040   Zero   RW         2668    .bss                security_dispatcher.o
    0x20002d00        -       0x00000014   Zero   RW         2982    .bss                nrf_drv_clock.o
    0x20002d14        -       0x0000006c   Zero   RW         3498    .bss                nrfx_gpiote.o
    0x20002d80        -       0x0000002c   Zero   RW         3855    .bss                nrfx_uart.o
    0x20002dac        -       0x00000024   Zero   RW         4049    .bss                nrfx_uarte.o
    0x20002dd0        -       0x00000020   Zero   RW         4206    .bss                app_button.o
    0x20002df0        -       0x00000020   Zero   RW         4207    .bss                app_button.o
    0x20002e10        -       0x00000010   Zero   RW         4466    .bss                app_timer2.o
    0x20002e20        -       0x00000058   Zero   RW         4467    .bss                app_timer2.o
    0x20002e78        -       0x0000000c   Zero   RW         4596    .bss                app_util_platform.o
    0x20002e84        -       0x00000010   Zero   RW         4907    .bss                fds.o
    0x20002e94        -       0x000000e0   Zero   RW         4908    .bss                fds.o
    0x20002f74        -       0x00000010   Zero   RW         5711    .bss                nrf_fstorage_sd.o
    0x20002f84        -       0x000000a0   Zero   RW         5712    .bss                nrf_fstorage_sd.o
    0x20003024        -       0x0000000c   Zero   RW         5891    .bss                nrf_pwr_mgmt.o
    0x20003030        -       0x00000040   Zero   RW         6237    .bss                nrf_log_backend_uart.o
    0x20003070        -       0x000000c0   Zero   RW         6365    .bss                nrf_log_frontend.o
    0x20003130        -       0x00000080   Zero   RW         6366    .bss                nrf_log_frontend.o
    0x200031b0        -       0x00000018   Zero   RW         6367    .bss                nrf_log_frontend.o
    0x200031c8        -       0x00000420   Zero   RW         6368    .bss                nrf_log_frontend.o
    0x200035e8        -       0x00002000   Zero   RW         7147    STACK               arm_startup_nrf52840.o


==============================================================================

Image component sizes


      Code (inc. data)   RO Data    RW Data    ZI Data      Debug   Object Name

       664         66         27         24         64      17726   app_button.o
        22          0          0          0          0       2509   app_error.o
       132         46          0          0          0      34117   app_error_weak.o
         0          0          0          0          0      37166   app_scheduler.o
       846         88         38         36        104      16541   app_timer2.o
       124         14          0          0         12      10662   app_util_platform.o
        36          8        512          0       8192        928   arm_startup_nrf52840.o
      1338          0          0          0          0      53348   ble_advdata.o
      1064          6          0          0          0      11003   ble_advertising.o
       636         44          8          8         80       9263   ble_conn_params.o
       772         62          8          0        124      15577   ble_conn_state.o
         8          0          0          0          0       1446   ble_srv_common.o
       440         46          8          0          0      14911   boards.o
      1016         90         44         16        108      15939   bsp.o
       252         10          8          8          0       4776   bsp_btn_ble.o
       704         76          6         12          0      48537   drv_rtc.o
      3872        348         24         68        240      50502   fds.o
      2152        552        553         16          0      33747   gatt_cache_manager.o
       686         84        462         12          0      16543   gatts_cache_manager.o
       946         34         32          0        216      16964   id_manager.o
      1260        238         32          6       1108     201818   main.o
       342          0          0          0          0       6670   nrf_atfifo.o
       170          0          0          0          0       4788   nrf_atflags.o
       332          0          0          0          0      10074   nrf_atomic.o
       164          0          0          0          0       3608   nrf_balloc.o
       922        272        205          0          0      37215   nrf_ble_gatt.o
       276          0          0          0          0       4673   nrf_ble_qwr.o
       312         36         30          0         20      43728   nrf_drv_clock.o
       200         26          0         20          0      17772   nrf_drv_uart.o
        50          0          0          0          0       3509   nrf_fprintf.o
       866          4         16          0          0       6530   nrf_fprintf_format.o
       972        432        194          0          0       7980   nrf_fstorage.o
       798         82         72          8        176      15915   nrf_fstorage_sd.o
       200          0          0          0          0      11589   nrf_log_backend_serial.o
       232         44         44         24         64      15850   nrf_log_backend_uart.o
        28          4         33          8          0       3329   nrf_log_default_backends.o
      1516        128         44         20       1400      31380   nrf_log_frontend.o
       570        108        102         64          0       5628   nrf_log_str_formatter.o
       346          0          0          0          0       9527   nrf_memobj.o
       108         16         53          8         12      40010   nrf_pwr_mgmt.o
        28          0          0          0          0       2351   nrf_ringbuf.o
       560         60        104          3          0      45240   nrf_sdh.o
       672        232        468          1          0       5833   nrf_sdh_ble.o
        60          4         56          0          0       2456   nrf_sdh_soc.o
        78          0          0          0          0       2756   nrf_section_iter.o
        84          0         17          0          0       4081   nrf_sortlist.o
        76         10       1319          0          0       2723   nrf_strerror.o
       242         32         14          8          0      47012   nrfx_clock.o
      1386        108         23          0        108      66637   nrfx_gpiote.o
       112         16         12          8          0       4464   nrfx_prs.o
      1354         48         17          0         44      31485   nrfx_uart.o
      1356         48         18          0         36      26927   nrfx_uarte.o
      1172        144        281         12          0      18166   peer_data_storage.o
      1434        260        425          8        384      19410   peer_database.o
       314         38          0          0         64       9087   peer_id.o
      1678        454        217         16         12      19795   peer_manager.o
      1824        842        832         96          0       9320   peer_manager_handler.o
       234          0          0          0          0       5419   pm_buffer.o
      1944        268        835          5         64      26827   security_dispatcher.o
      1372        122        411         21          0      54490   security_manager.o
       468         62          0          4          0      12803   system_nrf52840.o

    ----------------------------------------------------------------------
     41900       5712       7700        552      12640    1311080   Object Totals
         0          0         32          0          0          0   (incl. Generated)
        78          0         64         12          8          0   (incl. Padding)

    ----------------------------------------------------------------------

      Code (inc. data)   RO Data    RW Data    ZI Data      Debug   Library Member Name

        86          0          0          0          0          0   __dczerorl2.o
         8          4        133          0          0         68   ctype_o.o
         0          0          0          0          0          0   entry.o
         0          0          0          0          0          0   entry10a.o
         0          0          0          0          0          0   entry11a.o
         8          4          0          0          0          0   entry2.o
         4          0          0          0          0          0   entry5.o
         0          0          0          0          0          0   entry7b.o
         0          0          0          0          0          0   entry8b.o
         8          4          0          0          0          0   entry9a.o
        30          0          0          0          0          0   handlers.o
        36          8          0          0          0         68   init.o
        30          0          0          0          0         68   llshl.o
        32          0          0          0          0         68   llushr.o
        26          0          0          0          0         80   memcmp.o
        36          0          0          0          0         68   memcpya.o
        36          0          0          0          0        108   memseta.o
        14          0          0          0          0         68   strlen.o
        98          0          0          0          0         92   uldiv.o

    ----------------------------------------------------------------------
       456         20        136          0          0        688   Library Totals
         4          0          3          0          0          0   (incl. Padding)

    ----------------------------------------------------------------------

      Code (inc. data)   RO Data    RW Data    ZI Data      Debug   Library Name

       452         20        133          0          0        688   mc_w.l

    ----------------------------------------------------------------------
       456         20        136          0          0        688   Library Totals

    ----------------------------------------------------------------------

==============================================================================


      Code (inc. data)   RO Data    RW Data    ZI Data      Debug   

     42356       5732       7836        552      12640    1258344   Grand Totals
     42356       5732       7836        156      12640    1258344   ELF Image Totals (compressed)
     42356       5732       7836        156          0          0   ROM Totals

==============================================================================

    Total RO  Size (Code + RO Data)                50192 (  49.02kB)
    Total RW  Size (RW Data + ZI Data)             13192 (  12.88kB)
    Total ROM Size (Code + RO Data + RW Data)      50348 (  49.17kB)

==============================================================================

